Archive member included to satisfy reference by file (symbol)

c:/nxp/mcuxpressoide_11.2.0_4120/ide/plugins/com.nxp.mcuxpresso.tools.win32_11.2.0.202001021529/tools/bin/../lib/gcc/arm-none-eabi/9.2.1/../../../../arm-none-eabi/lib/thumb/v6-m/nofp\libcr_semihost_nf.a(__ciob.o)
                              ./source/uart.o (__Ciob)
c:/nxp/mcuxpressoide_11.2.0_4120/ide/plugins/com.nxp.mcuxpresso.tools.win32_11.2.0.202001021529/tools/bin/../lib/gcc/arm-none-eabi/9.2.1/../../../../arm-none-eabi/lib/thumb/v6-m/nofp\libcr_semihost_nf.a(_cr__main.o)
                              ./startup/startup_mkl25z4.o (__main)
c:/nxp/mcuxpressoide_11.2.0_4120/ide/plugins/com.nxp.mcuxpresso.tools.win32_11.2.0.202001021529/tools/bin/../lib/gcc/arm-none-eabi/9.2.1/../../../../arm-none-eabi/lib/thumb/v6-m/nofp\libcr_semihost_nf.a(_cr_assert.o)
                              ./source/test_cbfifo.o (__assertion_failed)
c:/nxp/mcuxpressoide_11.2.0_4120/ide/plugins/com.nxp.mcuxpresso.tools.win32_11.2.0.202001021529/tools/bin/../lib/gcc/arm-none-eabi/9.2.1/../../../../arm-none-eabi/lib/thumb/v6-m/nofp\libcr_semihost_nf.a(__sys_appexit.o)
                              c:/nxp/mcuxpressoide_11.2.0_4120/ide/plugins/com.nxp.mcuxpresso.tools.win32_11.2.0.202001021529/tools/bin/../lib/gcc/arm-none-eabi/9.2.1/../../../../arm-none-eabi/lib/thumb/v6-m/nofp\libcr_semihost_nf.a(_cr_assert.o) (__sys_appexit)
c:/nxp/mcuxpressoide_11.2.0_4120/ide/plugins/com.nxp.mcuxpresso.tools.win32_11.2.0.202001021529/tools/bin/../lib/gcc/arm-none-eabi/9.2.1/../../../../arm-none-eabi/lib/thumb/v6-m/nofp\libcr_c.a(memcpy.o)
                              ./source/test_cbfifo.o (memcpy)
c:/nxp/mcuxpressoide_11.2.0_4120/ide/plugins/com.nxp.mcuxpresso.tools.win32_11.2.0.202001021529/tools/bin/../lib/gcc/arm-none-eabi/9.2.1/../../../../arm-none-eabi/lib/thumb/v6-m/nofp\libcr_c.a(memset.o)
                              ./source/commandline.o (memset)
c:/nxp/mcuxpressoide_11.2.0_4120/ide/plugins/com.nxp.mcuxpresso.tools.win32_11.2.0.202001021529/tools/bin/../lib/gcc/arm-none-eabi/9.2.1/../../../../arm-none-eabi/lib/thumb/v6-m/nofp\libcr_c.a(_deferredlazyseek.o)
                              ./source/uart.o (__flsbuf)
c:/nxp/mcuxpressoide_11.2.0_4120/ide/plugins/com.nxp.mcuxpresso.tools.win32_11.2.0.202001021529/tools/bin/../lib/gcc/arm-none-eabi/9.2.1/../../../../arm-none-eabi/lib/thumb/v6-m/nofp\libcr_c.a(_fflush.o)
                              c:/nxp/mcuxpressoide_11.2.0_4120/ide/plugins/com.nxp.mcuxpresso.tools.win32_11.2.0.202001021529/tools/bin/../lib/gcc/arm-none-eabi/9.2.1/../../../../arm-none-eabi/lib/thumb/v6-m/nofp\libcr_c.a(_deferredlazyseek.o) (_fflush)
c:/nxp/mcuxpressoide_11.2.0_4120/ide/plugins/com.nxp.mcuxpresso.tools.win32_11.2.0.202001021529/tools/bin/../lib/gcc/arm-none-eabi/9.2.1/../../../../arm-none-eabi/lib/thumb/v6-m/nofp\libcr_c.a(_writebuf.o)
                              c:/nxp/mcuxpressoide_11.2.0_4120/ide/plugins/com.nxp.mcuxpresso.tools.win32_11.2.0.202001021529/tools/bin/../lib/gcc/arm-none-eabi/9.2.1/../../../../arm-none-eabi/lib/thumb/v6-m/nofp\libcr_c.a(_deferredlazyseek.o) (_Cwritebuf)
c:/nxp/mcuxpressoide_11.2.0_4120/ide/plugins/com.nxp.mcuxpresso.tools.win32_11.2.0.202001021529/tools/bin/../lib/gcc/arm-none-eabi/9.2.1/../../../../arm-none-eabi/lib/thumb/v6-m/nofp\libcr_c.a(alloc.o)
                              c:/nxp/mcuxpressoide_11.2.0_4120/ide/plugins/com.nxp.mcuxpresso.tools.win32_11.2.0.202001021529/tools/bin/../lib/gcc/arm-none-eabi/9.2.1/../../../../arm-none-eabi/lib/thumb/v6-m/nofp\libcr_c.a(_deferredlazyseek.o) (_Csys_alloc)
c:/nxp/mcuxpressoide_11.2.0_4120/ide/plugins/com.nxp.mcuxpresso.tools.win32_11.2.0.202001021529/tools/bin/../lib/gcc/arm-none-eabi/9.2.1/../../../../arm-none-eabi/lib/thumb/v6-m/nofp\libcr_c.a(ctype.o)
                              ./source/commandline.o (__ctype)
c:/nxp/mcuxpressoide_11.2.0_4120/ide/plugins/com.nxp.mcuxpresso.tools.win32_11.2.0.202001021529/tools/bin/../lib/gcc/arm-none-eabi/9.2.1/../../../../arm-none-eabi/lib/thumb/v6-m/nofp\libcr_c.a(fpprintf.o)
                              ./source/commandline.o (printf)
c:/nxp/mcuxpressoide_11.2.0_4120/ide/plugins/com.nxp.mcuxpresso.tools.win32_11.2.0.202001021529/tools/bin/../lib/gcc/arm-none-eabi/9.2.1/../../../../arm-none-eabi/lib/thumb/v6-m/nofp\libcr_c.a(fputs.o)
                              c:/nxp/mcuxpressoide_11.2.0_4120/ide/plugins/com.nxp.mcuxpresso.tools.win32_11.2.0.202001021529/tools/bin/../lib/gcc/arm-none-eabi/9.2.1/../../../../arm-none-eabi/lib/thumb/v6-m/nofp\libcr_semihost_nf.a(_cr_assert.o) (fputs)
c:/nxp/mcuxpressoide_11.2.0_4120/ide/plugins/com.nxp.mcuxpresso.tools.win32_11.2.0.202001021529/tools/bin/../lib/gcc/arm-none-eabi/9.2.1/../../../../arm-none-eabi/lib/thumb/v6-m/nofp\libcr_c.a(fseek.o)
[...]
Memory Configuration

Name             Origin             Length             Attributes
PROGRAM_FLASH    0x00000000         0x00020000         xr
SRAM             0x1ffff000         0x00004000         xrw
*default*        0x00000000         0xffffffff

Linker script and memory map

LOAD ./utilities/fsl_debug_console.o
LOAD ./startup/startup_mkl25z4.o
LOAD ./source/TSI.o
LOAD ./source/cbfifo.o
LOAD ./source/colors.o
LOAD ./source/commandline.o
LOAD ./source/home_state.o
LOAD ./source/i2c.o
LOAD ./source/led.o
LOAD ./source/main.o
LOAD ./source/mtb.o
LOAD ./source/semihost_hardfault.o
LOAD ./source/sht21.o
LOAD ./source/sysclock.o
LOAD ./source/test_cbfifo.o
LOAD ./source/timer_systick.o
LOAD ./source/uart.o
LOAD ./drivers/fsl_clock.o
LOAD ./drivers/fsl_common.o
LOAD ./drivers/fsl_flash.o
LOAD ./drivers/fsl_gpio.o
LOAD ./drivers/fsl_lpsci.o
LOAD ./drivers/fsl_smc.o
LOAD ./drivers/fsl_uart.o
LOAD ./board/board.o
LOAD ./board/clock_config.o
LOAD ./board/peripherals.o
LOAD ./board/pin_mux.o
LOAD ./CMSIS/system_MKL25Z4.o
START GROUP
LOAD c:/nxp/mcuxpressoide_11.2.0_4120/ide/plugins/com.nxp.mcuxpresso.tools.win32_11.2.0.202001021529/tools/bin/../lib/gcc/arm-none-eabi/9.2.1/../../../../arm-none-eabi/lib/thumb/v6-m/nofp\libcr_semihost_nf.a
LOAD c:/nxp/mcuxpressoide_11.2.0_4120/ide/plugins/com.nxp.mcuxpresso.tools.win32_11.2.0.202001021529/tools/bin/../lib/gcc/arm-none-eabi/9.2.1/../../../../arm-none-eabi/lib/thumb/v6-m/nofp\libcr_c.a
LOAD c:/nxp/mcuxpressoide_11.2.0_4120/ide/plugins/com.nxp.mcuxpresso.tools.win32_11.2.0.202001021529/tools/bin/../lib/gcc/arm-none-eabi/9.2.1/thumb/v6-m/nofp\libcr_eabihelpers.a
LOAD c:/nxp/mcuxpressoide_11.2.0_4120/ide/plugins/com.nxp.mcuxpresso.tools.win32_11.2.0.202001021529/tools/bin/../lib/gcc/arm-none-eabi/9.2.1/thumb/v6-m/nofp\libgcc.a
END GROUP
                0x00000000                __base_PROGRAM_FLASH = 0x0
                0x00000000                __base_Flash = 0x0
                0x00020000                __top_PROGRAM_FLASH = 0x20000
                0x00020000                __top_Flash = 0x20000
                0x1ffff000                __base_SRAM = 0x1ffff000
                0x1ffff000                __base_RAM = 0x1ffff000
                0x20003000                __top_SRAM = 0x20003000
                0x20003000                __top_RAM = 0x20003000

.text           0x00000000     0x8488
 FILL mask 0xff
                0x00000000                __vectors_start__ = ABSOLUTE (.)
 *(SORT_BY_ALIGNMENT(.isr_vector))
 .isr_vector    0x00000000       0xc0 ./startup/startup_mkl25z4.o
                0x00000000                g_pfnVectors
                0x00000000                __Vectors
                0x000000c0                . = ALIGN (0x4)
                0x000000c0                __section_table_start = .
                0x000000c0                __data_section_table = .
                0x000000c0        0x4 LONG 0x8488 LOADADDR (.data)
                0x000000c4        0x4 LONG 0x1ffff080 ADDR (.data)
                0x000000c8        0x4 LONG 0xc SIZEOF (.data)
                0x000000cc                __data_section_table_end = .
                0x000000cc                __bss_section_table = .
                0x000000cc        0x4 LONG 0x1ffff08c ADDR (.bss)
                0x000000d0        0x4 LONG 0x328 SIZEOF (.bss)
                0x000000d4                __bss_section_table_end = .
                0x000000d4                __section_table_end = .
 *(SORT_BY_ALIGNMENT(.after_vectors*))
 .after_vectors.reset
                0x000000d4       0x4c ./startup/startup_mkl25z4.o
                0x000000d4                ResetISR
 .after_vectors.init_data
                0x00000120       0x12 ./startup/startup_mkl25z4.o
                0x00000120                data_init
 .after_vectors.init_bss
                0x00000132       0x10 ./startup/startup_mkl25z4.o
                0x00000132                bss_init
 .after_vectors
                0x00000142      0x10c ./startup/startup_mkl25z4.o
                0x00000142                NMI_Handler
                0x00000146                SVC_Handler
                0x00000148                PendSV_Handler
                0x0000014c                SPI1_DriverIRQHandler
                0x0000014c                LPTMR0_DriverIRQHandler
                0x0000014c                DMA0_DriverIRQHandler
                0x0000014c                I2C0_DriverIRQHandler
                0x0000014c                Reserved39_DriverIRQHandler
                0x0000014c                PORTD_DriverIRQHandler
                0x0000014c                DMA2_DriverIRQHandler
                0x0000014c                CMP0_DriverIRQHandler
                0x0000014c                TPM2_DriverIRQHandler
                0x0000014c                ADC0_DriverIRQHandler
                0x0000014c                SPI0_DriverIRQHandler
                0x0000014c                TSI0_DriverIRQHandler
                0x0000014c                RTC_Seconds_DriverIRQHandler
                0x0000014c                I2C1_DriverIRQHandler
                0x0000014c                LLWU_DriverIRQHandler
                0x0000014c                MCG_DriverIRQHandler
                0x0000014c                DMA1_DriverIRQHandler
                0x0000014c                PIT_DriverIRQHandler
                0x0000014c                RTC_DriverIRQHandler
                0x0000014c                FTFA_DriverIRQHandler
                0x0000014c                IntDefaultHandler
                0x0000014c                USB0_DriverIRQHandler
                0x0000014c                DAC0_DriverIRQHandler
                0x0000014c                TPM1_DriverIRQHandler
                0x0000014c                LVD_LVW_DriverIRQHandler
                0x0000014c                TPM0_DriverIRQHandler
                0x0000014c                PORTA_DriverIRQHandler
                0x0000014c                Reserved45_DriverIRQHandler
                0x0000014c                Reserved20_DriverIRQHandler
                0x0000014c                DMA3_DriverIRQHandler
                0x0000014e                DMA0_IRQHandler
                0x00000156                DMA1_IRQHandler
                0x0000015e                DMA2_IRQHandler
                0x00000166                DMA3_IRQHandler
                0x0000016e                Reserved20_IRQHandler
                0x00000176                FTFA_IRQHandler
                0x0000017e                LVD_LVW_IRQHandler
                0x00000186                LLWU_IRQHandler
                0x0000018e                I2C0_IRQHandler
                0x00000196                I2C1_IRQHandler
                0x0000019e                SPI0_IRQHandler
                0x000001a6                SPI1_IRQHandler
                0x000001b6                UART1_IRQHandler
                0x000001be                UART2_IRQHandler
                0x000001c6                ADC0_IRQHandler
                0x000001ce                CMP0_IRQHandler
                0x000001d6                TPM0_IRQHandler
                0x000001de                TPM1_IRQHandler
                0x000001e6                TPM2_IRQHandler
                0x000001ee                RTC_IRQHandler
                0x000001f6                RTC_Seconds_IRQHandler
                0x000001fe                PIT_IRQHandler
                0x00000206                Reserved39_IRQHandler
                0x0000020e                USB0_IRQHandler
                0x00000216                DAC0_IRQHandler
                0x0000021e                TSI0_IRQHandler
                0x00000226                MCG_IRQHandler
                0x0000022e                LPTMR0_IRQHandler
                0x00000236                Reserved45_IRQHandler
                0x0000023e                PORTA_IRQHandler
                0x00000246                PORTD_IRQHandler
                0x00000400                . = 0x400
 *fill*         0x0000024e      0x1b2 ff
                0x00000400                PROVIDE (__FLASH_CONFIG_START__ = .)
 *(SORT_BY_ALIGNMENT(.FlashConfig))
 .FlashConfig   0x00000400       0x10 ./startup/startup_mkl25z4.o
                0x00000400                Flash_Config
                0x00000410                PROVIDE (__FLASH_CONFIG_END__ = .)
                0x00000001                ASSERT (! ((__FLASH_CONFIG_START__ == __FLASH_CONFIG_END__)), Linker Flash Config Support Enabled, but no .FlashConfig section provided within application)
 *(SORT_BY_ALIGNMENT(.text*))
 .text.DbgConsole_Init
                0x00000410       0xf4 ./utilities/fsl_debug_console.o
                0x00000410                DbgConsole_Init
 .text.touch_init
                0x00000504       0x30 ./source/TSI.o
                0x00000504                touch_init
 .text.touch_scan
                0x00000534       0x5c ./source/TSI.o
                0x00000534                touch_scan
 .text.get_hex_by_brightness_and_color
                0x00000590      0x124 ./source/colors.o
                0x00000590                get_hex_by_brightness_and_color
 .text.get_brightness_int
                0x000006b4       0x44 ./source/colors.o
                0x000006b4                get_brightness_int
 .text.turn_on_light_command
                0x000006f8       0x38 ./source/commandline.o
 .text.turn_off_light_command
                0x00000730       0x38 ./source/commandline.o
 .text.change_light_color_command
                0x00000768       0x20 ./source/commandline.o
 .text.change_light_color_red_command
                0x00000788       0x50 ./source/commandline.o
 .text.change_light_color_green_command
                0x000007d8       0x50 ./source/commandline.o
 .text.change_light_color_blue_command
                0x00000828       0x50 ./source/commandline.o
 .text.change_light_color_white_command
                0x00000878       0x50 ./source/commandline.o
 .text.change_light_color_unknown_command
                0x000008c8       0x20 ./source/commandline.o
 .text.change_light_intensity_command
                0x000008e8       0x78 ./source/commandline.o
 .text.set_light_timer_command
                0x00000960       0x38 ./source/commandline.o
 .text.set_light_timer_seconds_parser
                0x00000998       0x7c ./source/commandline.o
 .text.temperature_command
                0x00000a14       0x40 ./source/commandline.o
 .text.unknown_command
                0x00000a54       0x18 ./source/commandline.o
 .text.help_command
                0x00000a6c       0x54 ./source/commandline.o
 .text.parse_user_input
                0x00000ac0      0x1e0 ./source/commandline.o
                0x00000ac0                parse_user_input
 .text.get_color
                0x00000ca0       0x14 ./source/home_state.o
                0x00000ca0                get_color
 .text.set_color
                0x00000cb4       0x20 ./source/home_state.o
                0x00000cb4                set_color
 .text.get_brightness
                0x00000cd4       0x14 ./source/home_state.o
                0x00000cd4                get_brightness
 .text.set_brightness
                0x00000ce8       0x20 ./source/home_state.o
                0x00000ce8                set_brightness
 .text.adjust_led
                0x00000d08       0x30 ./source/home_state.o
                0x00000d08                adjust_led
 .text.i2c_init
                0x00000d38       0x38 ./source/i2c.o
                0x00000d38                i2c_init
 .text.i2c_set_flags
                0x00000d70       0x5c ./source/i2c.o
                0x00000d70                i2c_set_flags
 .text.i2c_read_bytes
                0x00000dcc      0x1d4 ./source/i2c.o
                0x00000dcc                i2c_read_bytes
 .text.init_leds
                0x00000fa0      0x12c ./source/led.o
                0x00000fa0                init_leds
 .text.control_leds
                0x000010cc       0x70 ./source/led.o
                0x000010cc                control_leds
 .text.main     0x0000113c       0x3c ./source/main.o
                0x0000113c                main
 .text.HardFault_Handler
                0x00001178       0x30 ./source/semihost_hardfault.o
                0x00001178                HardFault_Handler
 .text.get_temperature
                0x000011a8       0x78 ./source/sht21.o
                0x000011a8                get_temperature
 .text.get_humidity
                0x00001220       0x6c ./source/sht21.o
                0x00001220                get_humidity
 .text.sysclock_init
                0x0000128c       0x78 ./source/sysclock.o
                0x0000128c                sysclock_init
 .text.test_cbfifo
                0x00001304      0x8d8 ./source/test_cbfifo.o
                0x00001304                test_cbfifo
 .text.NVIC_EnableIRQ
                0x00001bdc       0x2c ./source/timer_systick.o
 .text.NVIC_ClearPendingIRQ
                0x00001c08       0x30 ./source/timer_systick.o
 .text.NVIC_SetPriority
                0x00001c38       0xdc ./source/timer_systick.o
 .text.init_systick
                0x00001d14       0x60 ./source/timer_systick.o
                0x00001d14                init_systick
 .text.reset_timer
                0x00001d74       0x1c ./source/timer_systick.o
                0x00001d74                reset_timer
 .text.SysTick_Handler
                0x00001d90       0x18 ./source/timer_systick.o
                0x00001d90                SysTick_Handler
 .text.delay    0x00001da8       0x2c ./source/timer_systick.o
                0x00001da8                delay
 .text.NVIC_EnableIRQ
                0x00001dd4       0x2c ./source/uart.o
 .text.NVIC_ClearPendingIRQ
                0x00001e00       0x30 ./source/uart.o
 .text.NVIC_SetPriority
                0x00001e30       0xdc ./source/uart.o
 .text.__sys_write
                0x00001f0c       0x70 ./source/uart.o
                0x00001f0c                __sys_write
 .text.init_uart0
                0x00001f7c      0x140 ./source/uart.o
                0x00001f7c                init_uart0
 .text.clearUARTErrors
                0x000020bc       0x14 ./source/uart.o
 .text.UART0_IRQHandler
                0x000020d0       0x9c ./source/uart.o
                0x000020d0                UART0_IRQHandler
 .text.handling_func
                0x0000216c      0x138 ./source/uart.o
                0x0000216c                handling_func
 .text.CLOCK_SetEr32kClock
                0x000022a4       0x34 ./drivers/fsl_clock.o
 .text.CLOCK_SetPllFllSelClock
                0x000022d8       0x38 ./drivers/fsl_clock.o
 .text.CLOCK_GetMcgExtClkFreq
                0x00002310       0x28 ./drivers/fsl_clock.o
 .text.CLOCK_GetFllExtRefClkFreq
                0x00002338       0xa8 ./drivers/fsl_clock.o
 .text.CLOCK_GetFllRefClkFreq
                0x000023e0       0x2c ./drivers/fsl_clock.o
 .text.CLOCK_GetOscRangeFromFreq
                0x0000240c       0x4c ./drivers/fsl_clock.o
 .text.CLOCK_GetPllFllSelClkFreq
                0x00002458       0x4c ./drivers/fsl_clock.o
                0x00002458                CLOCK_GetPllFllSelClkFreq
 .text.CLOCK_SetSimConfig
                0x000024a4       0x38 ./drivers/fsl_clock.o
                0x000024a4                CLOCK_SetSimConfig
 .text.CLOCK_GetFllFreq
                0x000024dc       0x84 ./drivers/fsl_clock.o
                0x000024dc                CLOCK_GetFllFreq
 .text.CLOCK_GetPll0Freq
                0x00002560       0x70 ./drivers/fsl_clock.o
                0x00002560                CLOCK_GetPll0Freq
 .text.CLOCK_SetInternalRefClkConfig
                0x000025d0      0x124 ./drivers/fsl_clock.o
                0x000025d0                CLOCK_SetInternalRefClkConfig
 .text.CLOCK_EnablePll0
                0x000026f4       0x94 ./drivers/fsl_clock.o
                0x000026f4                CLOCK_EnablePll0
 .text.CLOCK_InitOsc0
                0x00002788       0x94 ./drivers/fsl_clock.o
                0x00002788                CLOCK_InitOsc0
 .text.CLOCK_SetPbeMode
                0x0000281c       0xb0 ./drivers/fsl_clock.o
                0x0000281c                CLOCK_SetPbeMode
 .text.CLOCK_BootToPeeMode
                0x000028cc       0x70 ./drivers/fsl_clock.o
                0x000028cc                CLOCK_BootToPeeMode
 .text.CLOCK_EnableClock
                0x0000293c       0x34 ./drivers/fsl_lpsci.o
 .text.LPSCI_GetInstance
                0x00002970       0x48 ./drivers/fsl_lpsci.o
                0x00002970                LPSCI_GetInstance
 .text.LPSCI_Init
                0x000029b8      0x258 ./drivers/fsl_lpsci.o
                0x000029b8                LPSCI_Init
 .text.LPSCI_GetDefaultConfig
                0x00002c10       0x44 ./drivers/fsl_lpsci.o
                0x00002c10                LPSCI_GetDefaultConfig
 .text.LPSCI_ClearStatusFlags
                0x00002c54       0x94 ./drivers/fsl_lpsci.o
                0x00002c54                LPSCI_ClearStatusFlags
 .text.LPSCI_WriteBlocking
                0x00002ce8       0x4c ./drivers/fsl_lpsci.o
                0x00002ce8                LPSCI_WriteBlocking
 .text.LPSCI_ReadBlocking
                0x00002d34       0xc0 ./drivers/fsl_lpsci.o
                0x00002d34                LPSCI_ReadBlocking
 .text.UART0_DriverIRQHandler
                0x00002df4       0x24 ./drivers/fsl_lpsci.o
                0x00002df4                UART0_DriverIRQHandler
 .text.CLOCK_EnableClock
                0x00002e18       0x34 ./drivers/fsl_uart.o
 .text.UART_GetInstance
                0x00002e4c       0x54 ./drivers/fsl_uart.o
                0x00002e4c                UART_GetInstance
 .text.UART_Init
                0x00002ea0      0x1e0 ./drivers/fsl_uart.o
                0x00002ea0                UART_Init
 .text.UART_GetDefaultConfig
                0x00003080       0x44 ./drivers/fsl_uart.o
                0x00003080                UART_GetDefaultConfig
 .text.UART_ReadBlocking
                0x000030c4       0x98 ./drivers/fsl_uart.o
                0x000030c4                UART_ReadBlocking
 .text.UART1_DriverIRQHandler
                0x0000315c       0x24 ./drivers/fsl_uart.o
                0x0000315c                UART1_DriverIRQHandler
 .text.UART2_DriverIRQHandler
                0x00003180       0x24 ./drivers/fsl_uart.o
                0x00003180                UART2_DriverIRQHandler
 .text.CLOCK_SetLpsci0Clock
                0x000031a4       0x38 ./board/board.o
 .text.BOARD_InitDebugConsole
                0x000031dc       0x30 ./board/board.o
                0x000031dc                BOARD_InitDebugConsole
 .text.CLOCK_SetSimSafeDivs
                0x0000320c       0x20 ./board/clock_config.o
 .text.CLOCK_SetXtal0Freq
                0x0000322c       0x1c ./board/clock_config.o
 .text.CLOCK_CONFIG_SetFllExtRefDiv
                0x00003248       0x3c ./board/clock_config.o
 .text.BOARD_BootClockRUN
                0x00003284       0x64 ./board/clock_config.o
                0x00003284                BOARD_BootClockRUN
 .text.CLOCK_EnableClock
                0x000032e8       0x34 ./board/pin_mux.o
 .text.PORT_SetPinMux
                0x0000331c       0x40 ./board/pin_mux.o
 .text.BOARD_InitPins
                0x0000335c       0x4c ./board/pin_mux.o
                0x0000335c                BOARD_InitPins
 .text.SystemInit
                0x000033a8       0x18 ./CMSIS/system_MKL25Z4.o
                0x000033a8                SystemInit
 .text.__assertion_failed
                0x000033c0       0x4c c:/nxp/mcuxpressoide_11.2.0_4120/ide/plugins/com.nxp.mcuxpresso.tools.win32_11.2.0.202001021529/tools/bin/../lib/gcc/arm-none-eabi/9.2.1/../../../../arm-none-eabi/lib/thumb/v6-m/nofp\libcr_semihost_nf.a(_cr_assert.o)
                0x000033c0                __assertion_failed
 .text.__sys_appexit
                0x0000340c        0xc c:/nxp/mcuxpressoide_11.2.0_4120/ide/plugins/com.nxp.mcuxpresso.tools.win32_11.2.0.202001021529/tools/bin/../lib/gcc/arm-none-eabi/9.2.1/../../../../arm-none-eabi/lib/thumb/v6-m/nofp\libcr_semihost_nf.a(__sys_appexit.o)
                0x0000340c                __sys_appexit
                0x0000340c                __exit
 .text._deferredlazyseek
                0x00003418       0x40 c:/nxp/mcuxpressoide_11.2.0_4120/ide/plugins/com.nxp.mcuxpresso.tools.win32_11.2.0.202001021529/tools/bin/../lib/gcc/arm-none-eabi/9.2.1/../../../../arm-none-eabi/lib/thumb/v6-m/nofp\libcr_c.a(_deferredlazyseek.o)
                0x00003418                _deferredlazyseek
 .text.__flsbuf
                0x00003458      0x150 c:/nxp/mcuxpressoide_11.2.0_4120/ide/plugins/com.nxp.mcuxpresso.tools.win32_11.2.0.202001021529/tools/bin/../lib/gcc/arm-none-eabi/9.2.1/../../../../arm-none-eabi/lib/thumb/v6-m/nofp\libcr_c.a(_deferredlazyseek.o)
                0x00003458                __flsbuf
 .text._fflush  0x000035a8       0x60 c:/nxp/mcuxpressoide_11.2.0_4120/ide/plugins/com.nxp.mcuxpresso.tools.win32_11.2.0.202001021529/tools/bin/../lib/gcc/arm-none-eabi/9.2.1/../../../../arm-none-eabi/lib/thumb/v6-m/nofp\libcr_c.a(_fflush.o)
                0x000035a8                _fflush
 .text._Cwritebuf
                0x00003608       0x68 c:/nxp/mcuxpressoide_11.2.0_4120/ide/plugins/com.nxp.mcuxpresso.tools.win32_11.2.0.202001021529/tools/bin/../lib/gcc/arm-none-eabi/9.2.1/../../../../arm-none-eabi/lib/thumb/v6-m/nofp\libcr_c.a(_writebuf.o)
                0x00003608                _Cwritebuf
 .text.malloc   0x00003670       0xd0 c:/nxp/mcuxpressoide_11.2.0_4120/ide/plugins/com.nxp.mcuxpresso.tools.win32_11.2.0.202001021529/tools/bin/../lib/gcc/arm-none-eabi/9.2.1/../../../../arm-none-eabi/lib/thumb/v6-m/nofp\libcr_c.a(alloc.o)
                0x00003670                malloc
 .text._Csys_alloc
                0x00003740       0x20 c:/nxp/mcuxpressoide_11.2.0_4120/ide/plugins/com.nxp.mcuxpresso.tools.win32_11.2.0.202001021529/tools/bin/../lib/gcc/arm-none-eabi/9.2.1/../../../../arm-none-eabi/lib/thumb/v6-m/nofp\libcr_c.a(alloc.o)
                0x00003740                _Csys_alloc
 .text.tolower  0x00003760       0x14 c:/nxp/mcuxpressoide_11.2.0_4120/ide/plugins/com.nxp.mcuxpresso.tools.win32_11.2.0.202001021529/tools/bin/../lib/gcc/arm-none-eabi/9.2.1/../../../../arm-none-eabi/lib/thumb/v6-m/nofp\libcr_c.a(ctype.o)
                0x00003760                tolower
 .text.sprintf  0x00003774       0x6c c:/nxp/mcuxpressoide_11.2.0_4120/ide/plugins/com.nxp.mcuxpresso.tools.win32_11.2.0.202001021529/tools/bin/../lib/gcc/arm-none-eabi/9.2.1/../../../../arm-none-eabi/lib/thumb/v6-m/nofp\libcr_c.a(fpprintf.o)
                0x00003774                sprintf
 .text.fp_display
                0x000037e0      0x97c c:/nxp/mcuxpressoide_11.2.0_4120/ide/plugins/com.nxp.mcuxpresso.tools.win32_11.2.0.202001021529/tools/bin/../lib/gcc/arm-none-eabi/9.2.1/../../../../arm-none-eabi/lib/thumb/v6-m/nofp\libcr_c.a(fpprintf.o)
 .text.vsnprintf
                0x0000415c       0x70 c:/nxp/mcuxpressoide_11.2.0_4120/ide/plugins/com.nxp.mcuxpresso.tools.win32_11.2.0.202001021529/tools/bin/../lib/gcc/arm-none-eabi/9.2.1/../../../../arm-none-eabi/lib/thumb/v6-m/nofp\libcr_c.a(fpprintf.o)
                0x0000415c                vsnprintf
 .text.printf   0x000041cc       0x50 c:/nxp/mcuxpressoide_11.2.0_4120/ide/plugins/com.nxp.mcuxpresso.tools.win32_11.2.0.202001021529/tools/bin/../lib/gcc/arm-none-eabi/9.2.1/../../../../arm-none-eabi/lib/thumb/v6-m/nofp\libcr_c.a(fpprintf.o)
                0x000041cc                printf
 .text.fseek    0x0000421c       0xf4 c:/nxp/mcuxpressoide_11.2.0_4120/ide/plugins/com.nxp.mcuxpresso.tools.win32_11.2.0.202001021529/tools/bin/../lib/gcc/arm-none-eabi/9.2.1/../../../../arm-none-eabi/lib/thumb/v6-m/nofp\libcr_c.a(fseek.o)
                0x0000421c                fseek
 .text.ftell    0x00004310       0x48 c:/nxp/mcuxpressoide_11.2.0_4120/ide/plugins/com.nxp.mcuxpresso.tools.win32_11.2.0.202001021529/tools/bin/../lib/gcc/arm-none-eabi/9.2.1/../../../../arm-none-eabi/lib/thumb/v6-m/nofp\libcr_c.a(ftell.o)
                0x00004310                ftell
 .text._initio  0x00004358       0x7c c:/nxp/mcuxpressoide_11.2.0_4120/ide/plugins/com.nxp.mcuxpresso.tools.win32_11.2.0.202001021529/tools/bin/../lib/gcc/arm-none-eabi/9.2.1/../../../../arm-none-eabi/lib/thumb/v6-m/nofp\libcr_c.a(initio.o)
                0x00004358                _initio
 .text.__vfprintf
                0x000043d4      0xd40 c:/nxp/mcuxpressoide_11.2.0_4120/ide/plugins/com.nxp.mcuxpresso.tools.win32_11.2.0.202001021529/tools/bin/../lib/gcc/arm-none-eabi/9.2.1/../../../../arm-none-eabi/lib/thumb/v6-m/nofp\libcr_c.a(printf.o)
                0x000043d4                __vfprintf
 .text.ch_val   0x00005114       0x30 c:/nxp/mcuxpressoide_11.2.0_4120/ide/plugins/com.nxp.mcuxpresso.tools.win32_11.2.0.202001021529/tools/bin/../lib/gcc/arm-none-eabi/9.2.1/../../../../arm-none-eabi/lib/thumb/v6-m/nofp\libcr_c.a(scanf.o)
 .text._strtoul
                0x00005144       0xd0 c:/nxp/mcuxpressoide_11.2.0_4120/ide/plugins/com.nxp.mcuxpresso.tools.win32_11.2.0.202001021529/tools/bin/../lib/gcc/arm-none-eabi/9.2.1/../../../../arm-none-eabi/lib/thumb/v6-m/nofp\libcr_c.a(scanf.o)
 .text.strtol   0x00005214       0x8c c:/nxp/mcuxpressoide_11.2.0_4120/ide/plugins/com.nxp.mcuxpresso.tools.win32_11.2.0.202001021529/tools/bin/../lib/gcc/arm-none-eabi/9.2.1/../../../../arm-none-eabi/lib/thumb/v6-m/nofp\libcr_c.a(scanf.o)
                0x00005214                strtol
 .text.atoi     0x000052a0       0x18 c:/nxp/mcuxpressoide_11.2.0_4120/ide/plugins/com.nxp.mcuxpresso.tools.win32_11.2.0.202001021529/tools/bin/../lib/gcc/arm-none-eabi/9.2.1/../../../../arm-none-eabi/lib/thumb/v6-m/nofp\libcr_c.a(scanf.o)
                0x000052a0                atoi
 .text.setvbuf  0x000052b8       0x4c c:/nxp/mcuxpressoide_11.2.0_4120/ide/plugins/com.nxp.mcuxpresso.tools.win32_11.2.0.202001021529/tools/bin/../lib/gcc/arm-none-eabi/9.2.1/../../../../arm-none-eabi/lib/thumb/v6-m/nofp\libcr_c.a(setvbuf.o)
                0x000052b8                setvbuf
 .text.strcmp   0x00005304       0x44 c:/nxp/mcuxpressoide_11.2.0_4120/ide/plugins/com.nxp.mcuxpresso.tools.win32_11.2.0.202001021529/tools/bin/../lib/gcc/arm-none-eabi/9.2.1/../../../../arm-none-eabi/lib/thumb/v6-m/nofp\libcr_c.a(strcmp.o)
                0x00005304                strcmp
 .text.strlen   0x00005348       0x58 c:/nxp/mcuxpressoide_11.2.0_4120/ide/plugins/com.nxp.mcuxpresso.tools.win32_11.2.0.202001021529/tools/bin/../lib/gcc/arm-none-eabi/9.2.1/../../../../arm-none-eabi/lib/thumb/v6-m/nofp\libcr_c.a(strlen.o)
                0x00005348                strlen
 .text._sbrk    0x000053a0       0x44 c:/nxp/mcuxpressoide_11.2.0_4120/ide/plugins/com.nxp.mcuxpresso.tools.win32_11.2.0.202001021529/tools/bin/../lib/gcc/arm-none-eabi/9.2.1/../../../../arm-none-eabi/lib/thumb/v6-m/nofp\libcr_c.a(_cr_sbrk.o)
                0x000053a0                _sbrk
 .text._fdopen  0x000053e4       0x74 c:/nxp/mcuxpressoide_11.2.0_4120/ide/plugins/com.nxp.mcuxpresso.tools.win32_11.2.0.202001021529/tools/bin/../lib/gcc/arm-none-eabi/9.2.1/../../../../arm-none-eabi/lib/thumb/v6-m/nofp\libcr_c.a(_fdopen.o)
                0x000053e4                _fdopen
 .text._frexpl  0x00005458       0x80 c:/nxp/mcuxpressoide_11.2.0_4120/ide/plugins/com.nxp.mcuxpresso.tools.win32_11.2.0.202001021529/tools/bin/../lib/gcc/arm-none-eabi/9.2.1/../../../../arm-none-eabi/lib/thumb/v6-m/nofp\libcr_c.a(_frexpl.o)
                0x00005458                _frexpl
 .text._ldexpl  0x000054d8       0x58 c:/nxp/mcuxpressoide_11.2.0_4120/ide/plugins/com.nxp.mcuxpresso.tools.win32_11.2.0.202001021529/tools/bin/../lib/gcc/arm-none-eabi/9.2.1/../../../../arm-none-eabi/lib/thumb/v6-m/nofp\libcr_c.a(_ldexpl.o)
                0x000054d8                _ldexpl
 .text.fclose   0x00005530       0x5c c:/nxp/mcuxpressoide_11.2.0_4120/ide/plugins/com.nxp.mcuxpresso.tools.win32_11.2.0.202001021529/tools/bin/../lib/gcc/arm-none-eabi/9.2.1/../../../../arm-none-eabi/lib/thumb/v6-m/nofp\libcr_c.a(fclose.o)
                0x00005530                fclose
 .text.fflush   0x0000558c       0x44 c:/nxp/mcuxpressoide_11.2.0_4120/ide/plugins/com.nxp.mcuxpresso.tools.win32_11.2.0.202001021529/tools/bin/../lib/gcc/arm-none-eabi/9.2.1/../../../../arm-none-eabi/lib/thumb/v6-m/nofp\libcr_c.a(fflush.o)
                0x0000558c                fflush
 .text.__check_heap_overflow
                0x000055d0       0x14 c:/nxp/mcuxpressoide_11.2.0_4120/ide/plugins/com.nxp.mcuxpresso.tools.win32_11.2.0.202001021529/tools/bin/../lib/gcc/arm-none-eabi/9.2.1/../../../../arm-none-eabi/lib/thumb/v6-m/nofp\libcr_c.a(_cr_check_heap.o)
                0x000055d0                __check_heap_overflow
 .text._do_fflush
                0x000055e4       0x48 c:/nxp/mcuxpressoide_11.2.0_4120/ide/plugins/com.nxp.mcuxpresso.tools.win32_11.2.0.202001021529/tools/bin/../lib/gcc/arm-none-eabi/9.2.1/../../../../arm-none-eabi/lib/thumb/v6-m/nofp\libcr_c.a(_do_fflush.o)
                0x000055e4                _do_fflush
 .text.__aeabi_dmul
                0x0000562c      0x184 c:/nxp/mcuxpressoide_11.2.0_4120/ide/plugins/com.nxp.mcuxpresso.tools.win32_11.2.0.202001021529/tools/bin/../lib/gcc/arm-none-eabi/9.2.1/thumb/v6-m/nofp\libcr_eabihelpers.a(double.o)
                0x0000562c                __aeabi_dmul
 .text.__aeabi_ddiv
                0x000057b0      0x150 c:/nxp/mcuxpressoide_11.2.0_4120/ide/plugins/com.nxp.mcuxpresso.tools.win32_11.2.0.202001021529/tools/bin/../lib/gcc/arm-none-eabi/9.2.1/thumb/v6-m/nofp\libcr_eabihelpers.a(double.o)
                0x000057b0                __aeabi_ddiv
 .text.__aeabi_dsub
                0x00005900      0x1e4 c:/nxp/mcuxpressoide_11.2.0_4120/ide/plugins/com.nxp.mcuxpresso.tools.win32_11.2.0.202001021529/tools/bin/../lib/gcc/arm-none-eabi/9.2.1/thumb/v6-m/nofp\libcr_eabihelpers.a(double.o)
                0x00005900                __aeabi_dsub
 .text.__aeabi_dadd
                0x00005ae4      0x134 c:/nxp/mcuxpressoide_11.2.0_4120/ide/plugins/com.nxp.mcuxpresso.tools.win32_11.2.0.202001021529/tools/bin/../lib/gcc/arm-none-eabi/9.2.1/thumb/v6-m/nofp\libcr_eabihelpers.a(double.o)
                0x00005ae4                __aeabi_dadd
 .text.__aeabi_d2iz
                0x00005c18       0x50 c:/nxp/mcuxpressoide_11.2.0_4120/ide/plugins/com.nxp.mcuxpresso.tools.win32_11.2.0.202001021529/tools/bin/../lib/gcc/arm-none-eabi/9.2.1/thumb/v6-m/nofp\libcr_eabihelpers.a(double.o)
                0x00005c18                __aeabi_d2iz
 .text.__aeabi_d2uiz
                0x00005c68       0x38 c:/nxp/mcuxpressoide_11.2.0_4120/ide/plugins/com.nxp.mcuxpresso.tools.win32_11.2.0.202001021529/tools/bin/../lib/gcc/arm-none-eabi/9.2.1/thumb/v6-m/nofp\libcr_eabihelpers.a(double.o)
                0x00005c68                __aeabi_d2uiz
 .text.__aeabi_dcmpeq
                0x00005ca0       0x30 c:/nxp/mcuxpressoide_11.2.0_4120/ide/plugins/com.nxp.mcuxpresso.tools.win32_11.2.0.202001021529/tools/bin/../lib/gcc/arm-none-eabi/9.2.1/thumb/v6-m/nofp\libcr_eabihelpers.a(double.o)
                0x00005ca0                __aeabi_dcmpeq
 .text.__aeabi_dcmplt
                0x00005cd0       0x60 c:/nxp/mcuxpressoide_11.2.0_4120/ide/plugins/com.nxp.mcuxpresso.tools.win32_11.2.0.202001021529/tools/bin/../lib/gcc/arm-none-eabi/9.2.1/thumb/v6-m/nofp\libcr_eabihelpers.a(double.o)
                0x00005cd0                __aeabi_dcmplt
 .text.__aeabi_dcmple
                0x00005d30       0x60 c:/nxp/mcuxpressoide_11.2.0_4120/ide/plugins/com.nxp.mcuxpresso.tools.win32_11.2.0.202001021529/tools/bin/../lib/gcc/arm-none-eabi/9.2.1/thumb/v6-m/nofp\libcr_eabihelpers.a(double.o)
                0x00005d30                __aeabi_dcmple
 .text.__aeabi_dcmpge
                0x00005d90       0x64 c:/nxp/mcuxpressoide_11.2.0_4120/ide/plugins/com.nxp.mcuxpresso.tools.win32_11.2.0.202001021529/tools/bin/../lib/gcc/arm-none-eabi/9.2.1/thumb/v6-m/nofp\libcr_eabihelpers.a(double.o)
                0x00005d90                __aeabi_dcmpge
 .text.__aeabi_f2d
                0x00005df4       0x40 c:/nxp/mcuxpressoide_11.2.0_4120/ide/plugins/com.nxp.mcuxpresso.tools.win32_11.2.0.202001021529/tools/bin/../lib/gcc/arm-none-eabi/9.2.1/thumb/v6-m/nofp\libcr_eabihelpers.a(float.o)
                0x00005df4                __aeabi_f2d
 .text.UART_EnableTx
                0x00005e34       0x40 ./utilities/fsl_debug_console.o
 .text.UART_EnableRx
                0x00005e74       0x40 ./utilities/fsl_debug_console.o
 .text.LPSCI_EnableTx
                0x00005eb4       0x40 ./utilities/fsl_debug_console.o
 .text.LPSCI_EnableRx
                0x00005ef4       0x40 ./utilities/fsl_debug_console.o
 .text.scanned_percentage
                0x00005f34       0x68 ./source/TSI.o
                0x00005f34                scanned_percentage
 .text.cbfifo_enqueue
                0x00005f9c      0x12e ./source/cbfifo.o
                0x00005f9c                cbfifo_enqueue
 .text.cbfifo_dequeue
                0x000060ca      0x120 ./source/cbfifo.o
                0x000060ca                cbfifo_dequeue
 .text.cbfifo_length
                0x000061ea       0x18 ./source/cbfifo.o
                0x000061ea                cbfifo_length
 .text.cbfifo_full
                0x00006202       0x22 ./source/cbfifo.o
                0x00006202                cbfifo_full
 .text.cbfifo_init
                0x00006224       0x42 ./source/cbfifo.o
                0x00006224                cbfifo_init
 .text.cbfifo_capacity
                0x00006266        0xe ./source/cbfifo.o
                0x00006266                cbfifo_capacity
 .text.init_peripherals
                0x00006274       0x26 ./source/main.o
 .text.OSC_SetExtRefClkConfig
                0x0000629a       0x3e ./drivers/fsl_clock.o
 .text.OSC_SetCapLoad
                0x000062d8       0x42 ./drivers/fsl_clock.o
 .text.CLOCK_GetPll0RefFreq
                0x0000631a       0x10 ./drivers/fsl_clock.o
 .text.CLOCK_SetExternalRefClkConfig
                0x0000632a       0x16 ./drivers/fsl_clock.o
                0x0000632a                CLOCK_SetExternalRefClkConfig
 .text.LPSCI_GetStatusFlags
                0x00006340       0x26 ./drivers/fsl_lpsci.o
                0x00006340                LPSCI_GetStatusFlags
 .text.UART_GetStatusFlags
                0x00006366       0x26 ./drivers/fsl_uart.o
                0x00006366                UART_GetStatusFlags
 .text.UART_WriteBlocking
                0x0000638c       0x3c ./drivers/fsl_uart.o
                0x0000638c                UART_WriteBlocking
 .text.BOARD_InitBootClocks
                0x000063c8        0xe ./board/clock_config.o
                0x000063c8                BOARD_InitBootClocks
 .text.BOARD_InitBootPeripherals
                0x000063d6        0xa ./board/peripherals.o
                0x000063d6                BOARD_InitBootPeripherals
 .text.BOARD_InitBootPins
                0x000063e0        0xe ./board/pin_mux.o
                0x000063e0                BOARD_InitBootPins
 .text.__main   0x000063ee        0xc c:/nxp/mcuxpressoide_11.2.0_4120/ide/plugins/com.nxp.mcuxpresso.tools.win32_11.2.0.202001021529/tools/bin/../lib/gcc/arm-none-eabi/9.2.1/../../../../arm-none-eabi/lib/thumb/v6-m/nofp\libcr_semihost_nf.a(_cr__main.o)
                0x000063ee                __CR_SEMIHOST
                0x000063ee                __main
 .text.memcpy   0x000063fa        0x8 c:/nxp/mcuxpressoide_11.2.0_4120/ide/plugins/com.nxp.mcuxpresso.tools.win32_11.2.0.202001021529/tools/bin/../lib/gcc/arm-none-eabi/9.2.1/../../../../arm-none-eabi/lib/thumb/v6-m/nofp\libcr_c.a(memcpy.o)
                0x000063fa                memcpy
 .text.memset   0x00006402        0x8 c:/nxp/mcuxpressoide_11.2.0_4120/ide/plugins/com.nxp.mcuxpresso.tools.win32_11.2.0.202001021529/tools/bin/../lib/gcc/arm-none-eabi/9.2.1/../../../../arm-none-eabi/lib/thumb/v6-m/nofp\libcr_c.a(memset.o)
                0x00006402                memset
 .text.free     0x0000640a       0x2c c:/nxp/mcuxpressoide_11.2.0_4120/ide/plugins/com.nxp.mcuxpresso.tools.win32_11.2.0.202001021529/tools/bin/../lib/gcc/arm-none-eabi/9.2.1/../../../../arm-none-eabi/lib/thumb/v6-m/nofp\libcr_c.a(alloc.o)
                0x0000640a                free
 .text.fp_round
                0x00006436       0x4a c:/nxp/mcuxpressoide_11.2.0_4120/ide/plugins/com.nxp.mcuxpresso.tools.win32_11.2.0.202001021529/tools/bin/../lib/gcc/arm-none-eabi/9.2.1/../../../../arm-none-eabi/lib/thumb/v6-m/nofp\libcr_c.a(fpprintf.o)
 .text.pr_dec.constprop.0
                0x00006480       0x30 c:/nxp/mcuxpressoide_11.2.0_4120/ide/plugins/com.nxp.mcuxpresso.tools.win32_11.2.0.202001021529/tools/bin/../lib/gcc/arm-none-eabi/9.2.1/../../../../arm-none-eabi/lib/thumb/v6-m/nofp\libcr_c.a(fpprintf.o)
 .text.fputs    0x000064b0       0x2e c:/nxp/mcuxpressoide_11.2.0_4120/ide/plugins/com.nxp.mcuxpresso.tools.win32_11.2.0.202001021529/tools/bin/../lib/gcc/arm-none-eabi/9.2.1/../../../../arm-none-eabi/lib/thumb/v6-m/nofp\libcr_c.a(fputs.o)
                0x000064b0                fputs
 .text.remove   0x000064de       0x12 c:/nxp/mcuxpressoide_11.2.0_4120/ide/plugins/com.nxp.mcuxpresso.tools.win32_11.2.0.202001021529/tools/bin/../lib/gcc/arm-none-eabi/9.2.1/../../../../arm-none-eabi/lib/thumb/v6-m/nofp\libcr_c.a(remove.o)
                0x000064de                remove
 .text.__aeabi_division_idivmod
                0x000064f0       0x78 c:/nxp/mcuxpressoide_11.2.0_4120/ide/plugins/com.nxp.mcuxpresso.tools.win32_11.2.0.202001021529/tools/bin/../lib/gcc/arm-none-eabi/9.2.1/thumb/v6-m/nofp\libcr_eabihelpers.a(division_32.o)
                0x000064f0                __aeabi_idivmod
                0x000064f0                __aeabi_idiv
                0x000064f6                __aeabi_uidivmod
                0x000064f6                __aeabi_uidiv
 .text.__aeabi_division_idiv0
                0x00006568        0x2 c:/nxp/mcuxpressoide_11.2.0_4120/ide/plugins/com.nxp.mcuxpresso.tools.win32_11.2.0.202001021529/tools/bin/../lib/gcc/arm-none-eabi/9.2.1/thumb/v6-m/nofp\libcr_eabihelpers.a(division_idiv0.o)
                0x00006568                __aeabi_idiv0
 .text.__bhs_ui2d
                0x0000656a       0x5e c:/nxp/mcuxpressoide_11.2.0_4120/ide/plugins/com.nxp.mcuxpresso.tools.win32_11.2.0.202001021529/tools/bin/../lib/gcc/arm-none-eabi/9.2.1/thumb/v6-m/nofp\libcr_eabihelpers.a(double.o)
                0x0000656a                __bhs_ui2d
 .text.__aeabi_i2d
                0x000065c8       0x18 c:/nxp/mcuxpressoide_11.2.0_4120/ide/plugins/com.nxp.mcuxpresso.tools.win32_11.2.0.202001021529/tools/bin/../lib/gcc/arm-none-eabi/9.2.1/thumb/v6-m/nofp\libcr_eabihelpers.a(double.o)
                0x000065c8                __aeabi_i2d
 .text.__bhs_ui2f
                0x000065e0       0x62 c:/nxp/mcuxpressoide_11.2.0_4120/ide/plugins/com.nxp.mcuxpresso.tools.win32_11.2.0.202001021529/tools/bin/../lib/gcc/arm-none-eabi/9.2.1/thumb/v6-m/nofp\libcr_eabihelpers.a(float.o)
                0x000065e0                __bhs_ui2f
 .text.__aeabi_i2f
                0x00006642       0x18 c:/nxp/mcuxpressoide_11.2.0_4120/ide/plugins/com.nxp.mcuxpresso.tools.win32_11.2.0.202001021529/tools/bin/../lib/gcc/arm-none-eabi/9.2.1/thumb/v6-m/nofp\libcr_eabihelpers.a(float.o)
                0x00006642                __aeabi_i2f
 .text.__aeabi_ui2f
                0x0000665a        0xc c:/nxp/mcuxpressoide_11.2.0_4120/ide/plugins/com.nxp.mcuxpresso.tools.win32_11.2.0.202001021529/tools/bin/../lib/gcc/arm-none-eabi/9.2.1/thumb/v6-m/nofp\libcr_eabihelpers.a(float.o)
                0x0000665a                __aeabi_ui2f
 .text.__aeabi_llong_lmul
                0x00006666       0x2e c:/nxp/mcuxpressoide_11.2.0_4120/ide/plugins/com.nxp.mcuxpresso.tools.win32_11.2.0.202001021529/tools/bin/../lib/gcc/arm-none-eabi/9.2.1/thumb/v6-m/nofp\libcr_eabihelpers.a(llong.o)
                0x00006666                __aeabi_lmul
 .text.__aeabi_memcpy
                0x00006694       0x2c c:/nxp/mcuxpressoide_11.2.0_4120/ide/plugins/com.nxp.mcuxpresso.tools.win32_11.2.0.202001021529/tools/bin/../lib/gcc/arm-none-eabi/9.2.1/thumb/v6-m/nofp\libcr_eabihelpers.a(memcpy.o)
                0x00006694                __aeabi_memcpy4
                0x00006694                __aeabi_memcpy8
                0x00006694                __aeabi_memcpy
 .text.__aeabi_memset_lowlevel
                0x000066c0       0x2a c:/nxp/mcuxpressoide_11.2.0_4120/ide/plugins/com.nxp.mcuxpresso.tools.win32_11.2.0.202001021529/tools/bin/../lib/gcc/arm-none-eabi/9.2.1/thumb/v6-m/nofp\libcr_eabihelpers.a(memcpy.o)
                0x000066c0                __aeabi_lowlevel_memset
 .text.__gnu_thumb1_case_shi
                0x000066ea       0x10 c:/nxp/mcuxpressoide_11.2.0_4120/ide/plugins/com.nxp.mcuxpresso.tools.win32_11.2.0.202001021529/tools/bin/../lib/gcc/arm-none-eabi/9.2.1/thumb/v6-m/nofp\libcr_eabihelpers.a(thumb1_switch_helpers.o)
                0x000066ea                __gnu_thumb1_case_shi
 .text.__sys_close
                0x000066fa        0xc c:/nxp/mcuxpressoide_11.2.0_4120/ide/plugins/com.nxp.mcuxpresso.tools.win32_11.2.0.202001021529/tools/bin/../lib/gcc/arm-none-eabi/9.2.1/../../../../arm-none-eabi/lib/thumb/v6-m/nofp\libcr_semihost_nf.a(__sys_close.o)
                0x000066fa                __sys_close
 .text.__sys_flen
                0x00006706        0xc c:/nxp/mcuxpressoide_11.2.0_4120/ide/plugins/com.nxp.mcuxpresso.tools.win32_11.2.0.202001021529/tools/bin/../lib/gcc/arm-none-eabi/9.2.1/../../../../arm-none-eabi/lib/thumb/v6-m/nofp\libcr_semihost_nf.a(__sys_flen.o)
                0x00006706                __sys_flen
 .text.__sys_istty
                0x00006712        0xc c:/nxp/mcuxpressoide_11.2.0_4120/ide/plugins/com.nxp.mcuxpresso.tools.win32_11.2.0.202001021529/tools/bin/../lib/gcc/arm-none-eabi/9.2.1/../../../../arm-none-eabi/lib/thumb/v6-m/nofp\libcr_semihost_nf.a(__sys_istty.o)
                0x00006712                __sys_istty
 .text.__sys_remove
                0x0000671e        0xc c:/nxp/mcuxpressoide_11.2.0_4120/ide/plugins/com.nxp.mcuxpresso.tools.win32_11.2.0.202001021529/tools/bin/../lib/gcc/arm-none-eabi/9.2.1/../../../../arm-none-eabi/lib/thumb/v6-m/nofp\libcr_semihost_nf.a(__sys_remove.o)
                0x0000671e                __sys_remove
 .text.__sys_seek
                0x0000672a        0xc c:/nxp/mcuxpressoide_11.2.0_4120/ide/plugins/com.nxp.mcuxpresso.tools.win32_11.2.0.202001021529/tools/bin/../lib/gcc/arm-none-eabi/9.2.1/../../../../arm-none-eabi/lib/thumb/v6-m/nofp\libcr_semihost_nf.a(__sys_seek.o)
                0x0000672a                __sys_seek
 .text.__sys_tmpnam
                0x00006736        0xc c:/nxp/mcuxpressoide_11.2.0_4120/ide/plugins/com.nxp.mcuxpresso.tools.win32_11.2.0.202001021529/tools/bin/../lib/gcc/arm-none-eabi/9.2.1/../../../../arm-none-eabi/lib/thumb/v6-m/nofp\libcr_semihost_nf.a(__sys_tmpnam.o)
                0x00006736                __sys_tmpnam
 *(SORT_BY_ALIGNMENT(.rodata) SORT_BY_ALIGNMENT(.rodata.*) SORT_BY_ALIGNMENT(.constdata) SORT_BY_ALIGNMENT(.constdata.*))
 *fill*         0x00006742        0x2 ff
 .rodata.get_hex_by_brightness_and_color
                0x00006744       0x14 ./source/colors.o
 .rodata.get_brightness_int
                0x00006758       0x14 ./source/colors.o
 .rodata.turn_on_light_command.str1.4
                0x0000676c       0x2a ./source/commandline.o
 *fill*         0x00006796        0x2 ff
 .rodata.turn_off_light_command.str1.4
                0x00006798       0x2b ./source/commandline.o
 *fill*         0x000067c3        0x1 ff
 .rodata.change_light_color_command.str1.4
                0x000067c4       0x45 ./source/commandline.o
 *fill*         0x00006809        0x3 ff
 .rodata.change_light_color_red_command.str1.4
                0x0000680c       0x30 ./source/commandline.o
 .rodata.change_light_color_green_command.str1.4
                0x0000683c       0x36 ./source/commandline.o
 *fill*         0x00006872        0x2 ff
 .rodata.change_light_color_blue_command.str1.4
                0x00006874       0x35 ./source/commandline.o
 *fill*         0x000068a9        0x3 ff
 .rodata.change_light_color_white_command.str1.4
                0x000068ac       0x36 ./source/commandline.o
 *fill*         0x000068e2        0x2 ff
 .rodata.change_light_color_unknown_command.str1.4
                0x000068e4       0x32 ./source/commandline.o
 *fill*         0x00006916        0x2 ff
 .rodata.change_light_intensity_command.str1.4
                0x00006918       0x8d ./source/commandline.o
 *fill*         0x000069a5        0x3 ff
 .rodata.set_light_timer_command.str1.4
                0x000069a8       0x88 ./source/commandline.o
 .rodata.set_light_timer_seconds_parser.str1.4
                0x00006a30       0x8e ./source/commandline.o
 *fill*         0x00006abe        0x2 ff
 .rodata.temperature_command.str1.4
                0x00006ac0       0x44 ./source/commandline.o
 .rodata.unknown_command.str1.4
                0x00006b04       0x86 ./source/commandline.o
 *fill*         0x00006b8a        0x2 ff
 .rodata.help_command.str1.4
                0x00006b8c       0xbc ./source/commandline.o
 .rodata.str1.4
                0x00006c48       0x96 ./source/commandline.o
                                 0x9a (size before relaxing)
 *fill*         0x00006cde        0x2 ff
 .rodata.base_commands
                0x00006ce0       0x40 ./source/commandline.o
 .rodata.light_color_commands
                0x00006d20       0x28 ./source/commandline.o
 .rodata.main.str1.4
                0x00006d48       0x3f ./source/main.o
 *fill*         0x00006d87        0x1 ff
 .rodata.test_cbfifo.str1.4
                0x00006d88     0x119f ./source/test_cbfifo.o
 *fill*         0x00007f27        0x1 ff
 .rodata        0x00007f28      0x100 ./source/test_cbfifo.o
 .rodata.handling_func.str1.4
                0x00008028        0x3 ./source/uart.o
                                  0x7 (size before relaxing)
 *fill*         0x0000802b        0x1 ff
 .rodata.CLOCK_GetMcgExtClkFreq.str1.4
                0x0000802c       0x1f ./drivers/fsl_clock.o
 *fill*         0x0000804b        0x1 ff
 .rodata.CLOCK_GetPll0Freq.str1.4
                0x0000804c       0x1e ./drivers/fsl_clock.o
 *fill*         0x0000806a        0x2 ff
 .rodata.CLOCK_EnablePll0.str1.4
                0x0000806c       0x1a ./drivers/fsl_clock.o
 *fill*         0x00008086        0x2 ff
 .rodata.CLOCK_SetPbeMode.str1.4
                0x00008088       0x1b ./drivers/fsl_clock.o
 *fill*         0x000080a3        0x1 ff
 .rodata.CLOCK_BootToPeeMode.str1.4
                0x000080a4       0x1b ./drivers/fsl_clock.o
 *fill*         0x000080bf        0x1 ff
 .rodata.fllFactorTable.5210
                0x000080c0       0x10 ./drivers/fsl_clock.o
 .rodata.LPSCI_GetInstance.str1.4
                0x000080d0       0x37 ./drivers/fsl_lpsci.o
 *fill*         0x00008107        0x1 ff
 .rodata.LPSCI_Init.str1.4
                0x00008108       0x44 ./drivers/fsl_lpsci.o
 .rodata.LPSCI_GetDefaultConfig.str1.4
                0x0000814c       0x1a ./drivers/fsl_lpsci.o
 *fill*         0x00008166        0x2 ff
 .rodata.LPSCI_WriteBlocking.str1.4
                0x00008168       0x18 ./drivers/fsl_lpsci.o
 .rodata.LPSCI_ReadBlocking.str1.4
                0x00008180       0x18 ./drivers/fsl_lpsci.o
 .rodata.s_uartBases
                0x00008198        0xc ./drivers/fsl_uart.o
 .rodata.s_uartClock
                0x000081a4        0xc ./drivers/fsl_uart.o
 .rodata.UART_GetInstance.str1.4
                0x000081b0       0x2c ./drivers/fsl_uart.o
 .rodata.UART_Init.str1.4
                0x000081dc       0x43 ./drivers/fsl_uart.o
 *fill*         0x0000821f        0x1 ff
 .rodata.UART_GetDefaultConfig.str1.4
                0x00008220       0x19 ./drivers/fsl_uart.o
 *fill*         0x00008239        0x3 ff
 .rodata.UART_ReadBlocking.str1.4
                0x0000823c       0x17 ./drivers/fsl_uart.o
 *fill*         0x00008253        0x1 ff
 .rodata.mcgConfig_BOARD_BootClockRUN
                0x00008254        0xa ./board/clock_config.o
                0x00008254                mcgConfig_BOARD_BootClockRUN
 *fill*         0x0000825e        0x2 ff
 .rodata.simConfig_BOARD_BootClockRUN
                0x00008260        0x8 ./board/clock_config.o
                0x00008260                simConfig_BOARD_BootClockRUN
 .rodata.oscConfig_BOARD_BootClockRUN
                0x00008268        0x8 ./board/clock_config.o
                0x00008268                oscConfig_BOARD_BootClockRUN
 .rodata.__num_Ciob_streams
                0x00008270        0x4 c:/nxp/mcuxpressoide_11.2.0_4120/ide/plugins/com.nxp.mcuxpresso.tools.win32_11.2.0.202001021529/tools/bin/../lib/gcc/arm-none-eabi/9.2.1/../../../../arm-none-eabi/lib/thumb/v6-m/nofp\libcr_semihost_nf.a(__ciob.o)
                0x00008270                __num_Ciob_streams
 .rodata.__assertion_failed.str1.1
                0x00008274       0x15 c:/nxp/mcuxpressoide_11.2.0_4120/ide/plugins/com.nxp.mcuxpresso.tools.win32_11.2.0.202001021529/tools/bin/../lib/gcc/arm-none-eabi/9.2.1/../../../../arm-none-eabi/lib/thumb/v6-m/nofp\libcr_semihost_nf.a(_cr_assert.o)
 .rodata._Csys_alloc.str1.1
                0x00008289       0x18 c:/nxp/mcuxpressoide_11.2.0_4120/ide/plugins/com.nxp.mcuxpresso.tools.win32_11.2.0.202001021529/tools/bin/../lib/gcc/arm-none-eabi/9.2.1/../../../../arm-none-eabi/lib/thumb/v6-m/nofp\libcr_c.a(alloc.o)
 .rodata.__ctype
                0x000082a1      0x180 c:/nxp/mcuxpressoide_11.2.0_4120/ide/plugins/com.nxp.mcuxpresso.tools.win32_11.2.0.202001021529/tools/bin/../lib/gcc/arm-none-eabi/9.2.1/../../../../arm-none-eabi/lib/thumb/v6-m/nofp\libcr_c.a(ctype.o)
                0x000082a1                __ctype
 .rodata.fp_display.str1.1
                0x00008421       0x32 c:/nxp/mcuxpressoide_11.2.0_4120/ide/plugins/com.nxp.mcuxpresso.tools.win32_11.2.0.202001021529/tools/bin/../lib/gcc/arm-none-eabi/9.2.1/../../../../arm-none-eabi/lib/thumb/v6-m/nofp\libcr_c.a(fpprintf.o)
                                 0x35 (size before relaxing)
 .rodata._initio.str1.1
                0x00008453        0x4 c:/nxp/mcuxpressoide_11.2.0_4120/ide/plugins/com.nxp.mcuxpresso.tools.win32_11.2.0.202001021529/tools/bin/../lib/gcc/arm-none-eabi/9.2.1/../../../../arm-none-eabi/lib/thumb/v6-m/nofp\libcr_c.a(initio.o)
 .rodata.__vfprintf.str1.1
                0x00008457       0x31 c:/nxp/mcuxpressoide_11.2.0_4120/ide/plugins/com.nxp.mcuxpresso.tools.win32_11.2.0.202001021529/tools/bin/../lib/gcc/arm-none-eabi/9.2.1/../../../../arm-none-eabi/lib/thumb/v6-m/nofp\libcr_c.a(printf.o)
                                 0x38 (size before relaxing)
                0x00008488                . = ALIGN (0x4)

.glue_7         0x00008488        0x0
 .glue_7        0x00008488        0x0 linker stubs

.glue_7t        0x00008488        0x0
 .glue_7t       0x00008488        0x0 linker stubs

.vfp11_veneer   0x00008488        0x0
 .vfp11_veneer  0x00008488        0x0 linker stubs

.v4_bx          0x00008488        0x0
 .v4_bx         0x00008488        0x0 linker stubs

.iplt           0x00008488        0x0
 .iplt          0x00008488        0x0 ./utilities/fsl_debug_console.o

.rel.dyn        0x00008488        0x0
 .rel.iplt      0x00008488        0x0 ./utilities/fsl_debug_console.o

.ARM.extab
 *(SORT_BY_ALIGNMENT(.ARM.extab*) SORT_BY_ALIGNMENT(.gnu.linkonce.armextab.*))

.ARM.exidx      0x00008488        0x0
                0x00008488                __exidx_start = .
 *(SORT_BY_ALIGNMENT(.ARM.exidx*) SORT_BY_ALIGNMENT(.gnu.linkonce.armexidx.*))
                0x00008488                __exidx_end = .
                0x00008488                _etext = .

.m_usb_data
 *(SORT_BY_ALIGNMENT(m_usb_bdt))

.mtb_buffer_default
                0x1ffff000       0x80
 *(SORT_BY_ALIGNMENT(.mtb*))
 .mtb.$RAM1     0x1ffff000       0x80 ./source/mtb.o
                0x1ffff000                __mtb_buffer__

.uninit_RESERVED
                0x1ffff080        0x0
                0x1ffff080                _start_uninit_RESERVED = .
 *(SORT_BY_ALIGNMENT(.bss.$RESERVED*))
                0x1ffff080                . = ALIGN (0x4)
                0x1ffff080                _end_uninit_RESERVED = .

.data           0x1ffff080        0xc load address 0x00008488
 FILL mask 0xff
                0x1ffff080                _data = .
                [!provide]                PROVIDE (__start_data_RAM = .)
                [!provide]                PROVIDE (__start_data_SRAM = .)
 *(SORT_BY_ALIGNMENT(vtable))
 *(SORT_BY_ALIGNMENT(.ramfunc*))
 *(SORT_BY_ALIGNMENT(CodeQuickAccess))
 *(SORT_BY_ALIGNMENT(DataQuickAccess))
 *(SORT_BY_ALIGNMENT(RamFunction))
 *(SORT_BY_ALIGNMENT(.data*))
 .data.home_state
                0x1ffff080        0x2 ./source/home_state.o
                0x1ffff080                home_state
 *fill*         0x1ffff082        0x2 ff
 .data.s_slowIrcFreq
                0x1ffff084        0x4 ./drivers/fsl_clock.o
 .data.SystemCoreClock
                0x1ffff088        0x4 ./CMSIS/system_MKL25Z4.o
                0x1ffff088                SystemCoreClock
                0x1ffff08c                . = ALIGN (0x4)
                0x1ffff08c                _edata = .
                [!provide]                PROVIDE (__end_data_RAM = .)
                [!provide]                PROVIDE (__end_data_SRAM = .)

.igot.plt       0x1ffff08c        0x0 load address 0x00008494
 .igot.plt      0x1ffff08c        0x0 ./utilities/fsl_debug_console.o

.bss            0x1ffff08c      0x328
                0x1ffff08c                _bss = .
                [!provide]                PROVIDE (__start_bss_RAM = .)
                [!provide]                PROVIDE (__start_bss_SRAM = .)
 *(SORT_BY_ALIGNMENT(.bss*))
 .bss.s_debugConsole
                0x1ffff08c       0x10 ./utilities/fsl_debug_console.o
 .bss.change_light_color_flag
                0x1ffff09c        0x4 ./source/commandline.o
 .bss.set_light_timer_flag
                0x1ffff0a0        0x4 ./source/commandline.o
 .bss.timer_value
                0x1ffff0a4        0x4 ./source/timer_systick.o
                0x1ffff0a4                timer_value
 .bss.timer_start_value
                0x1ffff0a8        0x4 ./source/timer_systick.o
                0x1ffff0a8                timer_start_value
 .bss.timer_offset
                0x1ffff0ac        0x4 ./source/timer_systick.o
                0x1ffff0ac                timer_offset
 .bss.transfer_buffer
                0x1ffff0b0      0x114 ./source/uart.o
                0x1ffff0b0                transfer_buffer
 .bss.receive_buffer
                0x1ffff1c4      0x114 ./source/uart.o
                0x1ffff1c4                receive_buffer
 .bss.g_xtal0Freq
                0x1ffff2d8        0x4 ./drivers/fsl_clock.o
                0x1ffff2d8                g_xtal0Freq
 .bss.s_lpsciHandle
                0x1ffff2dc        0x4 ./drivers/fsl_lpsci.o
 .bss.s_lpsciIsr
                0x1ffff2e0        0x4 ./drivers/fsl_lpsci.o
 .bss.s_uartHandle
                0x1ffff2e4        0xc ./drivers/fsl_uart.o
 .bss.s_uartIsr
                0x1ffff2f0        0x4 ./drivers/fsl_uart.o
 .bss.__Ciob    0x1ffff2f4       0xb4 c:/nxp/mcuxpressoide_11.2.0_4120/ide/plugins/com.nxp.mcuxpresso.tools.win32_11.2.0.202001021529/tools/bin/../lib/gcc/arm-none-eabi/9.2.1/../../../../arm-none-eabi/lib/thumb/v6-m/nofp\libcr_semihost_nf.a(__ciob.o)
                0x1ffff2f4                __Ciob
 .bss.__end_of_heap
                0x1ffff3a8        0x4 c:/nxp/mcuxpressoide_11.2.0_4120/ide/plugins/com.nxp.mcuxpresso.tools.win32_11.2.0.202001021529/tools/bin/../lib/gcc/arm-none-eabi/9.2.1/../../../../arm-none-eabi/lib/thumb/v6-m/nofp\libcr_c.a(__init_alloc.o)
                0x1ffff3a8                __end_of_heap
 .bss.__heaps   0x1ffff3ac        0x4 c:/nxp/mcuxpressoide_11.2.0_4120/ide/plugins/com.nxp.mcuxpresso.tools.win32_11.2.0.202001021529/tools/bin/../lib/gcc/arm-none-eabi/9.2.1/../../../../arm-none-eabi/lib/thumb/v6-m/nofp\libcr_c.a(__init_alloc.o)
                0x1ffff3ac                __heaps
 .bss.errno     0x1ffff3b0        0x4 c:/nxp/mcuxpressoide_11.2.0_4120/ide/plugins/com.nxp.mcuxpresso.tools.win32_11.2.0.202001021529/tools/bin/../lib/gcc/arm-none-eabi/9.2.1/../../../../arm-none-eabi/lib/thumb/v6-m/nofp\libcr_c.a(errno.o)
                0x1ffff3b0                errno
 *(SORT_BY_ALIGNMENT(COMMON))
                0x1ffff3b4                . = ALIGN (0x4)
                0x1ffff3b4                _ebss = .
                [!provide]                PROVIDE (__end_bss_RAM = .)
                [!provide]                PROVIDE (__end_bss_SRAM = .)
                [!provide]                PROVIDE (end = .)

.noinit         0x1ffff3b4        0x0
                0x1ffff3b4                _noinit = .
                [!provide]                PROVIDE (__start_noinit_RAM = .)
                [!provide]                PROVIDE (__start_noinit_SRAM = .)
 *(SORT_BY_ALIGNMENT(.noinit*))
                0x1ffff3b4                . = ALIGN (0x4)
                0x1ffff3b4                _end_noinit = .
                [!provide]                PROVIDE (__end_noinit_RAM = .)
                [!provide]                PROVIDE (__end_noinit_SRAM = .)
                0x00000400                _HeapSize = 0x400

.heap           0x1ffff3b4      0x400
                0x1ffff3b4                _pvHeapStart = .
                0x1ffff7b4                . = (. + _HeapSize)
 *fill*         0x1ffff3b4      0x400 
                0x1ffff7b4                . = ALIGN (0x4)
                0x1ffff7b4                _pvHeapLimit = .
                0x00000400                _StackSize = 0x400

.heap2stackfill
                0x1ffff7b4      0x400
                0x1ffffbb4                . = (. + _StackSize)
 *fill*         0x1ffff7b4      0x400 

.stack          0x20002c00        0x0
                0x20002c00                _vStackBase = .
                0x20002c00                . = ALIGN (0x4)
                0x20003000                _vStackTop = (. + _StackSize)
                0x00000000                _image_start = LOADADDR (.text)
                0x00008494                _image_end = (LOADADDR (.data) + SIZEOF (.data))
                0x00008494                _image_size = (_image_end - _image_start)
OUTPUT(MKL25Z128xxx4_Project.axf elf32-littlearm)

.debug_info     0x00000000     0xa95f
 .debug_info    0x00000000      0x9b5 ./utilities/fsl_debug_console.o
 .debug_info    0x000009b5      0x4df ./startup/startup_mkl25z4.o
 .debug_info    0x00000e94      0x4f5 ./source/TSI.o
 .debug_info    0x00001389      0x2b1 ./source/cbfifo.o
 .debug_info    0x0000163a      0x103 ./source/colors.o
 .debug_info    0x0000173d      0x6d1 ./source/commandline.o
 .debug_info    0x00001e0e      0x498 ./source/home_state.o
 .debug_info    0x000022a6      0x5ce ./source/i2c.o
 .debug_info    0x00002874      0x594 ./source/led.o
 .debug_info    0x00002e08      0x527 ./source/main.o
 .debug_info    0x0000332f       0x53 ./source/mtb.o
 .debug_info    0x00003382       0x3c ./source/semihost_hardfault.o
 .debug_info    0x000033be      0x251 ./source/sht21.o
 .debug_info    0x0000360f      0x1e4 ./source/sysclock.o
 .debug_info    0x000037f3      0x158 ./source/test_cbfifo.o
 .debug_info    0x0000394b      0x537 ./source/timer_systick.o
 .debug_info    0x00003e82      0xab0 ./source/uart.o
 .debug_info    0x00004932     0x1a97 ./drivers/fsl_clock.o
 .debug_info    0x000063c9     0x1469 ./drivers/fsl_lpsci.o
 .debug_info    0x00007832     0x140a ./drivers/fsl_uart.o
 .debug_info    0x00008c3c      0x80b ./board/board.o
 .debug_info    0x00009447      0xb00 ./board/clock_config.o
 .debug_info    0x00009f47       0x3c ./board/peripherals.o
 .debug_info    0x00009f83      0x5a3 ./board/pin_mux.o
 .debug_info    0x0000a526      0x439 ./CMSIS/system_MKL25Z4.o

.debug_abbrev   0x00000000     0x2782
 .debug_abbrev  0x00000000      0x21b ./utilities/fsl_debug_console.o
 .debug_abbrev  0x0000021b      0x18d ./startup/startup_mkl25z4.o
 .debug_abbrev  0x000003a8      0x199 ./source/TSI.o
 .debug_abbrev  0x00000541      0x180 ./source/cbfifo.o
 .debug_abbrev  0x000006c1       0xa3 ./source/colors.o
 .debug_abbrev  0x00000764      0x1d4 ./source/commandline.o
 .debug_abbrev  0x00000938      0x170 ./source/home_state.o
 .debug_abbrev  0x00000aa8      0x18b ./source/i2c.o
 .debug_abbrev  0x00000c33      0x167 ./source/led.o
 .debug_abbrev  0x00000d9a      0x142 ./source/main.o
 .debug_abbrev  0x00000edc       0x46 ./source/mtb.o
 .debug_abbrev  0x00000f22       0x31 ./source/semihost_hardfault.o
 .debug_abbrev  0x00000f53       0xf2 ./source/sht21.o
 .debug_abbrev  0x00001045       0xef ./source/sysclock.o
 .debug_abbrev  0x00001134       0xf8 ./source/test_cbfifo.o
 .debug_abbrev  0x0000122c      0x229 ./source/timer_systick.o
 .debug_abbrev  0x00001455      0x289 ./source/uart.o
 .debug_abbrev  0x000016de      0x36f ./drivers/fsl_clock.o
 .debug_abbrev  0x00001a4d      0x309 ./drivers/fsl_lpsci.o
 .debug_abbrev  0x00001d56      0x323 ./drivers/fsl_uart.o
 .debug_abbrev  0x00002079      0x1a7 ./board/board.o
 .debug_abbrev  0x00002220      0x220 ./board/clock_config.o
 .debug_abbrev  0x00002440       0x31 ./board/peripherals.o
 .debug_abbrev  0x00002471      0x1bb ./board/pin_mux.o
 .debug_abbrev  0x0000262c      0x156 ./CMSIS/system_MKL25Z4.o

.debug_aranges  0x00000000      0xa28
 .debug_aranges
                0x00000000       0x48 ./utilities/fsl_debug_console.o
 .debug_aranges
                0x00000048      0x160 ./startup/startup_mkl25z4.o
 .debug_aranges
                0x000001a8       0x30 ./source/TSI.o
 .debug_aranges
                0x000001d8       0x48 ./source/cbfifo.o
 .debug_aranges
                0x00000220       0x28 ./source/colors.o
 .debug_aranges
                0x00000248       0x90 ./source/commandline.o
 .debug_aranges
                0x000002d8       0x40 ./source/home_state.o
 .debug_aranges
                0x00000318       0x30 ./source/i2c.o
 .debug_aranges
                0x00000348       0x28 ./source/led.o
 .debug_aranges
                0x00000370       0x28 ./source/main.o
 .debug_aranges
                0x00000398       0x18 ./source/mtb.o
 .debug_aranges
                0x000003b0       0x20 ./source/semihost_hardfault.o
 .debug_aranges
                0x000003d0       0x28 ./source/sht21.o
 .debug_aranges
                0x000003f8       0x20 ./source/sysclock.o
 .debug_aranges
                0x00000418       0x20 ./source/test_cbfifo.o
 .debug_aranges
                0x00000438       0x60 ./source/timer_systick.o
 .debug_aranges
                0x00000498       0x70 ./source/uart.o
 .debug_aranges
                0x00000508      0x1d8 ./drivers/fsl_clock.o
 .debug_aranges
                0x000006e0      0x118 ./drivers/fsl_lpsci.o
 .debug_aranges
                0x000007f8      0x130 ./drivers/fsl_uart.o
 .debug_aranges
                0x00000928       0x28 ./board/board.o
 .debug_aranges
                0x00000950       0x58 ./board/clock_config.o
 .debug_aranges
                0x000009a8       0x20 ./board/peripherals.o
 .debug_aranges
                0x000009c8       0x38 ./board/pin_mux.o
 .debug_aranges
                0x00000a00       0x28 ./CMSIS/system_MKL25Z4.o

.debug_ranges   0x00000000      0x890
 .debug_ranges  0x00000000       0x38 ./utilities/fsl_debug_console.o
 .debug_ranges  0x00000038      0x150 ./startup/startup_mkl25z4.o
 .debug_ranges  0x00000188       0x20 ./source/TSI.o
 .debug_ranges  0x000001a8       0x38 ./source/cbfifo.o
 .debug_ranges  0x000001e0       0x18 ./source/colors.o
 .debug_ranges  0x000001f8       0x80 ./source/commandline.o
 .debug_ranges  0x00000278       0x30 ./source/home_state.o
 .debug_ranges  0x000002a8       0x20 ./source/i2c.o
 .debug_ranges  0x000002c8       0x18 ./source/led.o
 .debug_ranges  0x000002e0       0x18 ./source/main.o
 .debug_ranges  0x000002f8       0x10 ./source/semihost_hardfault.o
 .debug_ranges  0x00000308       0x18 ./source/sht21.o
 .debug_ranges  0x00000320       0x10 ./source/sysclock.o
 .debug_ranges  0x00000330       0x10 ./source/test_cbfifo.o
 .debug_ranges  0x00000340       0x50 ./source/timer_systick.o
 .debug_ranges  0x00000390       0x60 ./source/uart.o
 .debug_ranges  0x000003f0      0x1c8 ./drivers/fsl_clock.o
 .debug_ranges  0x000005b8      0x108 ./drivers/fsl_lpsci.o
 .debug_ranges  0x000006c0      0x120 ./drivers/fsl_uart.o
 .debug_ranges  0x000007e0       0x18 ./board/board.o
 .debug_ranges  0x000007f8       0x48 ./board/clock_config.o
 .debug_ranges  0x00000840       0x10 ./board/peripherals.o
 .debug_ranges  0x00000850       0x28 ./board/pin_mux.o
 .debug_ranges  0x00000878       0x18 ./CMSIS/system_MKL25Z4.o

.debug_macro    0x00000000     0x9854
 .debug_macro   0x00000000      0x13a ./utilities/fsl_debug_console.o
 .debug_macro   0x0000013a      0xaae ./utilities/fsl_debug_console.o
 .debug_macro   0x00000be8       0x10 ./utilities/fsl_debug_console.o
 .debug_macro   0x00000bf8       0x16 ./utilities/fsl_debug_console.o
 .debug_macro   0x00000c0e       0x10 ./utilities/fsl_debug_console.o
 .debug_macro   0x00000c1e      0x12e ./utilities/fsl_debug_console.o
 .debug_macro   0x00000d4c       0x28 ./utilities/fsl_debug_console.o
 .debug_macro   0x00000d74       0xc4 ./utilities/fsl_debug_console.o
 .debug_macro   0x00000e38       0x16 ./utilities/fsl_debug_console.o
 .debug_macro   0x00000e4e       0x22 ./utilities/fsl_debug_console.o
 .debug_macro   0x00000e70      0x5b3 ./utilities/fsl_debug_console.o
 .debug_macro   0x00001423       0x10 ./utilities/fsl_debug_console.o
 .debug_macro   0x00001433       0x3f ./utilities/fsl_debug_console.o
 .debug_macro   0x00001472       0x3a ./utilities/fsl_debug_console.o
 .debug_macro   0x000014ac       0x26 ./utilities/fsl_debug_console.o
 .debug_macro   0x000014d2      0x329 ./utilities/fsl_debug_console.o
 .debug_macro   0x000017fb       0x30 ./utilities/fsl_debug_console.o
 .debug_macro   0x0000182b     0x51e2 ./utilities/fsl_debug_console.o
 .debug_macro   0x00006a0d     0x1352 ./utilities/fsl_debug_console.o
 .debug_macro   0x00007d5f       0x3a ./utilities/fsl_debug_console.o
 .debug_macro   0x00007d99       0xf4 ./utilities/fsl_debug_console.o
 .debug_macro   0x00007e8d       0x35 ./utilities/fsl_debug_console.o
 .debug_macro   0x00007ec2       0x9a ./utilities/fsl_debug_console.o
 .debug_macro   0x00007f5c       0x2e ./utilities/fsl_debug_console.o
 .debug_macro   0x00007f8a       0x10 ./utilities/fsl_debug_console.o
 .debug_macro   0x00007f9a       0x10 ./utilities/fsl_debug_console.o
 .debug_macro   0x00007faa       0x29 ./startup/startup_mkl25z4.o
 .debug_macro   0x00007fd3      0x151 ./source/TSI.o
 .debug_macro   0x00008124       0xa0 ./source/TSI.o
 .debug_macro   0x000081c4       0x1c ./source/TSI.o
 .debug_macro   0x000081e0       0x4b ./source/cbfifo.o
 .debug_macro   0x0000822b       0x10 ./source/cbfifo.o
 .debug_macro   0x0000823b       0x1a ./source/colors.o
 .debug_macro   0x00008255      0x17e ./source/commandline.o
 .debug_macro   0x000083d3       0x7c ./source/commandline.o
 .debug_macro   0x0000844f       0x3a ./source/commandline.o
 .debug_macro   0x00008489      0x12b ./source/home_state.o
 .debug_macro   0x000085b4      0x111 ./source/i2c.o
 .debug_macro   0x000086c5       0xa0 ./source/i2c.o
 .debug_macro   0x00008765      0x13b ./source/led.o
 .debug_macro   0x000088a0      0x189 ./source/main.o
 .debug_macro   0x00008a29       0x16 ./source/main.o
 .debug_macro   0x00008a3f       0x10 ./source/main.o
 .debug_macro   0x00008a4f      0x112 ./source/main.o
 .debug_macro   0x00008b61       0x34 ./source/main.o
 .debug_macro   0x00008b95       0x10 ./source/main.o
 .debug_macro   0x00008ba5       0x40 ./source/main.o
 .debug_macro   0x00008be5       0x10 ./source/main.o
 .debug_macro   0x00008bf5       0x2f ./source/mtb.o
 .debug_macro   0x00008c24       0x82 ./source/mtb.o
 .debug_macro   0x00008ca6       0x10 ./source/mtb.o
 .debug_macro   0x00008cb6       0x11 ./source/semihost_hardfault.o
 .debug_macro   0x00008cc7      0x12d ./source/sht21.o
 .debug_macro   0x00008df4       0x91 ./source/sysclock.o
 .debug_macro   0x00008e85       0x34 ./source/sysclock.o
 .debug_macro   0x00008eb9       0x57 ./source/test_cbfifo.o
 .debug_macro   0x00008f10       0xab ./source/timer_systick.o
 .debug_macro   0x00008fbb       0xef ./source/uart.o
 .debug_macro   0x000090aa       0x22 ./source/uart.o
 .debug_macro   0x000090cc      0x196 ./drivers/fsl_clock.o
 .debug_macro   0x00009262       0xec ./drivers/fsl_lpsci.o
 .debug_macro   0x0000934e       0xf2 ./drivers/fsl_uart.o
 .debug_macro   0x00009440      0x12b ./board/board.o
 .debug_macro   0x0000956b      0x123 ./board/clock_config.o
 .debug_macro   0x0000968e       0x1b ./board/peripherals.o
 .debug_macro   0x000096a9      0x107 ./board/pin_mux.o
 .debug_macro   0x000097b0       0x10 ./board/pin_mux.o
 .debug_macro   0x000097c0       0x94 ./CMSIS/system_MKL25Z4.o

.debug_line     0x00000000     0x79fa
 .debug_line    0x00000000      0x4ae ./utilities/fsl_debug_console.o
 .debug_line    0x000004ae      0x1e7 ./startup/startup_mkl25z4.o
 .debug_line    0x00000695      0x43f ./source/TSI.o
 .debug_line    0x00000ad4      0x376 ./source/cbfifo.o
 .debug_line    0x00000e4a       0xcf ./source/colors.o
 .debug_line    0x00000f19      0x6f5 ./source/commandline.o
 .debug_line    0x0000160e      0x41d ./source/home_state.o
 .debug_line    0x00001a2b      0x4ea ./source/i2c.o
 .debug_line    0x00001f15      0x434 ./source/led.o
 .debug_line    0x00002349      0x4c2 ./source/main.o
 .debug_line    0x0000280b       0xd1 ./source/mtb.o
 .debug_line    0x000028dc       0x59 ./source/semihost_hardfault.o
 .debug_line    0x00002935      0x3d5 ./source/sht21.o
 .debug_line    0x00002d0a      0x251 ./source/sysclock.o
 .debug_line    0x00002f5b      0x40d ./source/test_cbfifo.o
 .debug_line    0x00003368      0x431 ./source/timer_systick.o
 .debug_line    0x00003799      0x537 ./source/uart.o
 .debug_line    0x00003cd0     0x130b ./drivers/fsl_clock.o
 .debug_line    0x00004fdb      0xd84 ./drivers/fsl_lpsci.o
 .debug_line    0x00005d5f      0xd73 ./drivers/fsl_uart.o
 .debug_line    0x00006ad2      0x3e4 ./board/board.o
 .debug_line    0x00006eb6      0x417 ./board/clock_config.o
 .debug_line    0x000072cd       0x5c ./board/peripherals.o
 .debug_line    0x00007329      0x39e ./board/pin_mux.o
 .debug_line    0x000076c7      0x333 ./CMSIS/system_MKL25Z4.o

.debug_str      0x00000000    0x36bd1
 .debug_str     0x00000000    0x31564 ./utilities/fsl_debug_console.o
                              0x317b6 (size before relaxing)
 .debug_str     0x00031564      0x3e1 ./startup/startup_mkl25z4.o
                               0x320a (size before relaxing)
 .debug_str     0x00031945      0x539 ./source/TSI.o
                              0x30dda (size before relaxing)
 .debug_str     0x00031e7e       0xd6 ./source/cbfifo.o
                               0x351f (size before relaxing)
 .debug_str     0x00031f54       0x7b ./source/colors.o
                               0x31ab (size before relaxing)
 .debug_str     0x00031fcf      0x63f ./source/commandline.o
                              0x3176e (size before relaxing)
 .debug_str     0x0003260e       0x6c ./source/home_state.o
                              0x3111f (size before relaxing)
 .debug_str     0x0003267a       0x81 ./source/i2c.o
                              0x30b9a (size before relaxing)
 .debug_str     0x000326fb       0xee ./source/led.o
                              0x30d4e (size before relaxing)
 .debug_str     0x000327e9      0xdbf ./source/main.o
                              0x31b11 (size before relaxing)
 .debug_str     0x000335a8      0x532 ./source/mtb.o
                               0x3316 (size before relaxing)
 .debug_str     0x00033ada       0x1f ./source/semihost_hardfault.o
                               0x2e03 (size before relaxing)
 .debug_str     0x00033af9       0x6d ./source/sht21.o
                              0x30aba (size before relaxing)
 .debug_str     0x00033b66       0x38 ./source/sysclock.o
                              0x28de9 (size before relaxing)
 .debug_str     0x00033b9e       0x30 ./source/test_cbfifo.o
                               0x3578 (size before relaxing)
 .debug_str     0x00033bce      0x30c ./source/timer_systick.o
                              0x293a5 (size before relaxing)
 .debug_str     0x00033eda       0xf7 ./source/uart.o
                              0x295fd (size before relaxing)
 .debug_str     0x00033fd1     0x14c2 ./drivers/fsl_clock.o
                              0x32311 (size before relaxing)
 .debug_str     0x00035493      0x95f ./drivers/fsl_lpsci.o
                              0x31919 (size before relaxing)
 .debug_str     0x00035df2      0x832 ./drivers/fsl_uart.o
                              0x3193c (size before relaxing)
 .debug_str     0x00036624       0x4c ./board/board.o
                              0x316f9 (size before relaxing)
 .debug_str     0x00036670      0x300 ./board/clock_config.o
                              0x3123f (size before relaxing)
 .debug_str     0x00036970       0x31 ./board/peripherals.o
                               0x2e14 (size before relaxing)
 .debug_str     0x000369a1      0x1e1 ./board/pin_mux.o
                              0x309a2 (size before relaxing)
 .debug_str     0x00036b82       0x4f ./CMSIS/system_MKL25Z4.o
                              0x2fc7b (size before relaxing)

.comment        0x00000000       0x79
 .comment       0x00000000       0x79 ./utilities/fsl_debug_console.o
                                 0x7a (size before relaxing)
 .comment       0x00000079       0x7a ./startup/startup_mkl25z4.o
 .comment       0x00000079       0x7a ./source/TSI.o
 .comment       0x00000079       0x7a ./source/cbfifo.o
 .comment       0x00000079       0x7a ./source/colors.o
 .comment       0x00000079       0x7a ./source/commandline.o
 .comment       0x00000079       0x7a ./source/home_state.o
 .comment       0x00000079       0x7a ./source/i2c.o
 .comment       0x00000079       0x7a ./source/led.o
 .comment       0x00000079       0x7a ./source/main.o
 .comment       0x00000079       0x7a ./source/mtb.o
 .comment       0x00000079       0x7a ./source/semihost_hardfault.o
 .comment       0x00000079       0x7a ./source/sht21.o
 .comment       0x00000079       0x7a ./source/sysclock.o
 .comment       0x00000079       0x7a ./source/test_cbfifo.o
 .comment       0x00000079       0x7a ./source/timer_systick.o
 .comment       0x00000079       0x7a ./source/uart.o
 .comment       0x00000079       0x7a ./drivers/fsl_clock.o
 .comment       0x00000079       0x7a ./drivers/fsl_lpsci.o
 .comment       0x00000079       0x7a ./drivers/fsl_uart.o
 .comment       0x00000079       0x7a ./board/board.o
 .comment       0x00000079       0x7a ./board/clock_config.o
 .comment       0x00000079       0x7a ./board/peripherals.o
 .comment       0x00000079       0x7a ./board/pin_mux.o
 .comment       0x00000079       0x7a ./CMSIS/system_MKL25Z4.o
 .comment       0x00000079       0x7a c:/nxp/mcuxpressoide_11.2.0_4120/ide/plugins/com.nxp.mcuxpresso.tools.win32_11.2.0.202001021529/tools/bin/../lib/gcc/arm-none-eabi/9.2.1/../../../../arm-none-eabi/lib/thumb/v6-m/nofp\libcr_semihost_nf.a(__ciob.o)
 .comment       0x00000079       0x7a c:/nxp/mcuxpressoide_11.2.0_4120/ide/plugins/com.nxp.mcuxpresso.tools.win32_11.2.0.202001021529/tools/bin/../lib/gcc/arm-none-eabi/9.2.1/../../../../arm-none-eabi/lib/thumb/v6-m/nofp\libcr_semihost_nf.a(_cr__main.o)
 .comment       0x00000079       0x7a c:/nxp/mcuxpressoide_11.2.0_4120/ide/plugins/com.nxp.mcuxpresso.tools.win32_11.2.0.202001021529/tools/bin/../lib/gcc/arm-none-eabi/9.2.1/../../../../arm-none-eabi/lib/thumb/v6-m/nofp\libcr_semihost_nf.a(_cr_assert.o)
 .comment       0x00000079       0x7a c:/nxp/mcuxpressoide_11.2.0_4120/ide/plugins/com.nxp.mcuxpresso.tools.win32_11.2.0.202001021529/tools/bin/../lib/gcc/arm-none-eabi/9.2.1/../../../../arm-none-eabi/lib/thumb/v6-m/nofp\libcr_c.a(memcpy.o)
 .comment       0x00000079       0x7a c:/nxp/mcuxpressoide_11.2.0_4120/ide/plugins/com.nxp.mcuxpresso.tools.win32_11.2.0.202001021529/tools/bin/../lib/gcc/arm-none-eabi/9.2.1/../../../../arm-none-eabi/lib/thumb/v6-m/nofp\libcr_c.a(memset.o)
 .comment       0x00000079       0x7a c:/nxp/mcuxpressoide_11.2.0_4120/ide/plugins/com.nxp.mcuxpresso.tools.win32_11.2.0.202001021529/tools/bin/../lib/gcc/arm-none-eabi/9.2.1/../../../../arm-none-eabi/lib/thumb/v6-m/nofp\libcr_c.a(_deferredlazyseek.o)
 .comment       0x00000079       0x7a c:/nxp/mcuxpressoide_11.2.0_4120/ide/plugins/com.nxp.mcuxpresso.tools.win32_11.2.0.202001021529/tools/bin/../lib/gcc/arm-none-eabi/9.2.1/../../../../arm-none-eabi/lib/thumb/v6-m/nofp\libcr_c.a(_fflush.o)
 .comment       0x00000079       0x7a c:/nxp/mcuxpressoide_11.2.0_4120/ide/plugins/com.nxp.mcuxpresso.tools.win32_11.2.0.202001021529/tools/bin/../lib/gcc/arm-none-eabi/9.2.1/../../../../arm-none-eabi/lib/thumb/v6-m/nofp\libcr_c.a(_writebuf.o)
 .comment       0x00000079       0x7a c:/nxp/mcuxpressoide_11.2.0_4120/ide/plugins/com.nxp.mcuxpresso.tools.win32_11.2.0.202001021529/tools/bin/../lib/gcc/arm-none-eabi/9.2.1/../../../../arm-none-eabi/lib/thumb/v6-m/nofp\libcr_c.a(alloc.o)
 .comment       0x00000079       0x7a c:/nxp/mcuxpressoide_11.2.0_4120/ide/plugins/com.nxp.mcuxpresso.tools.win32_11.2.0.202001021529/tools/bin/../lib/gcc/arm-none-eabi/9.2.1/../../../../arm-none-eabi/lib/thumb/v6-m/nofp\libcr_c.a(ctype.o)
 .comment       0x00000079       0x7a c:/nxp/mcuxpressoide_11.2.0_4120/ide/plugins/com.nxp.mcuxpresso.tools.win32_11.2.0.202001021529/tools/bin/../lib/gcc/arm-none-eabi/9.2.1/../../../../arm-none-eabi/lib/thumb/v6-m/nofp\libcr_c.a(fpprintf.o)
 .comment       0x00000079       0x7a c:/nxp/mcuxpressoide_11.2.0_4120/ide/plugins/com.nxp.mcuxpresso.tools.win32_11.2.0.202001021529/tools/bin/../lib/gcc/arm-none-eabi/9.2.1/../../../../arm-none-eabi/lib/thumb/v6-m/nofp\libcr_c.a(fputs.o)
 .comment       0x00000079       0x7a c:/nxp/mcuxpressoide_11.2.0_4120/ide/plugins/com.nxp.mcuxpresso.tools.win32_11.2.0.202001021529/tools/bin/../lib/gcc/arm-none-eabi/9.2.1/../../../../arm-none-eabi/lib/thumb/v6-m/nofp\libcr_c.a(fseek.o)
 .comment       0x00000079       0x7a c:/nxp/mcuxpressoide_11.2.0_4120/ide/plugins/com.nxp.mcuxpresso.tools.win32_11.2.0.202001021529/tools/bin/../lib/gcc/arm-none-eabi/9.2.1/../../../../arm-none-eabi/lib/thumb/v6-m/nofp\libcr_c.a(ftell.o)
 .comment       0x00000079       0x7a c:/nxp/mcuxpressoide_11.2.0_4120/ide/plugins/com.nxp.mcuxpresso.tools.win32_11.2.0.202001021529/tools/bin/../lib/gcc/arm-none-eabi/9.2.1/../../../../arm-none-eabi/lib/thumb/v6-m/nofp\libcr_c.a(initio.o)
 .comment       0x00000079       0x7a c:/nxp/mcuxpressoide_11.2.0_4120/ide/plugins/com.nxp.mcuxpresso.tools.win32_11.2.0.202001021529/tools/bin/../lib/gcc/arm-none-eabi/9.2.1/../../../../arm-none-eabi/lib/thumb/v6-m/nofp\libcr_c.a(printf.o)
 .comment       0x00000079       0x7a c:/nxp/mcuxpressoide_11.2.0_4120/ide/plugins/com.nxp.mcuxpresso.tools.win32_11.2.0.202001021529/tools/bin/../lib/gcc/arm-none-eabi/9.2.1/../../../../arm-none-eabi/lib/thumb/v6-m/nofp\libcr_c.a(scanf.o)
 .comment       0x00000079       0x7a c:/nxp/mcuxpressoide_11.2.0_4120/ide/plugins/com.nxp.mcuxpresso.tools.win32_11.2.0.202001021529/tools/bin/../lib/gcc/arm-none-eabi/9.2.1/../../../../arm-none-eabi/lib/thumb/v6-m/nofp\libcr_c.a(setvbuf.o)
 .comment       0x00000079       0x7a c:/nxp/mcuxpressoide_11.2.0_4120/ide/plugins/com.nxp.mcuxpresso.tools.win32_11.2.0.202001021529/tools/bin/../lib/gcc/arm-none-eabi/9.2.1/../../../../arm-none-eabi/lib/thumb/v6-m/nofp\libcr_c.a(strcmp.o)
 .comment       0x00000079       0x7a c:/nxp/mcuxpressoide_11.2.0_4120/ide/plugins/com.nxp.mcuxpresso.tools.win32_11.2.0.202001021529/tools/bin/../lib/gcc/arm-none-eabi/9.2.1/../../../../arm-none-eabi/lib/thumb/v6-m/nofp\libcr_c.a(strlen.o)
 .comment       0x00000079       0x7a c:/nxp/mcuxpressoide_11.2.0_4120/ide/plugins/com.nxp.mcuxpresso.tools.win32_11.2.0.202001021529/tools/bin/../lib/gcc/arm-none-eabi/9.2.1/../../../../arm-none-eabi/lib/thumb/v6-m/nofp\libcr_c.a(__init_alloc.o)
 .comment       0x00000079       0x7a c:/nxp/mcuxpressoide_11.2.0_4120/ide/plugins/com.nxp.mcuxpresso.tools.win32_11.2.0.202001021529/tools/bin/../lib/gcc/arm-none-eabi/9.2.1/../../../../arm-none-eabi/lib/thumb/v6-m/nofp\libcr_c.a(_cr_sbrk.o)
 .comment       0x00000079       0x7a c:/nxp/mcuxpressoide_11.2.0_4120/ide/plugins/com.nxp.mcuxpresso.tools.win32_11.2.0.202001021529/tools/bin/../lib/gcc/arm-none-eabi/9.2.1/../../../../arm-none-eabi/lib/thumb/v6-m/nofp\libcr_c.a(_fdopen.o)
 .comment       0x00000079       0x7a c:/nxp/mcuxpressoide_11.2.0_4120/ide/plugins/com.nxp.mcuxpresso.tools.win32_11.2.0.202001021529/tools/bin/../lib/gcc/arm-none-eabi/9.2.1/../../../../arm-none-eabi/lib/thumb/v6-m/nofp\libcr_c.a(_frexpl.o)
 .comment       0x00000079       0x7a c:/nxp/mcuxpressoide_11.2.0_4120/ide/plugins/com.nxp.mcuxpresso.tools.win32_11.2.0.202001021529/tools/bin/../lib/gcc/arm-none-eabi/9.2.1/../../../../arm-none-eabi/lib/thumb/v6-m/nofp\libcr_c.a(_ldexpl.o)
 .comment       0x00000079       0x7a c:/nxp/mcuxpressoide_11.2.0_4120/ide/plugins/com.nxp.mcuxpresso.tools.win32_11.2.0.202001021529/tools/bin/../lib/gcc/arm-none-eabi/9.2.1/../../../../arm-none-eabi/lib/thumb/v6-m/nofp\libcr_c.a(errno.o)
 .comment       0x00000079       0x7a c:/nxp/mcuxpressoide_11.2.0_4120/ide/plugins/com.nxp.mcuxpresso.tools.win32_11.2.0.202001021529/tools/bin/../lib/gcc/arm-none-eabi/9.2.1/../../../../arm-none-eabi/lib/thumb/v6-m/nofp\libcr_c.a(fclose.o)
 .comment       0x00000079       0x7a c:/nxp/mcuxpressoide_11.2.0_4120/ide/plugins/com.nxp.mcuxpresso.tools.win32_11.2.0.202001021529/tools/bin/../lib/gcc/arm-none-eabi/9.2.1/../../../../arm-none-eabi/lib/thumb/v6-m/nofp\libcr_c.a(fflush.o)
 .comment       0x00000079       0x7a c:/nxp/mcuxpressoide_11.2.0_4120/ide/plugins/com.nxp.mcuxpresso.tools.win32_11.2.0.202001021529/tools/bin/../lib/gcc/arm-none-eabi/9.2.1/../../../../arm-none-eabi/lib/thumb/v6-m/nofp\libcr_c.a(remove.o)
 .comment       0x00000079       0x7a c:/nxp/mcuxpressoide_11.2.0_4120/ide/plugins/com.nxp.mcuxpresso.tools.win32_11.2.0.202001021529/tools/bin/../lib/gcc/arm-none-eabi/9.2.1/../../../../arm-none-eabi/lib/thumb/v6-m/nofp\libcr_c.a(_cr_check_heap.o)
 .comment       0x00000079       0x7a c:/nxp/mcuxpressoide_11.2.0_4120/ide/plugins/com.nxp.mcuxpresso.tools.win32_11.2.0.202001021529/tools/bin/../lib/gcc/arm-none-eabi/9.2.1/../../../../arm-none-eabi/lib/thumb/v6-m/nofp\libcr_c.a(_do_fflush.o)
 .comment       0x00000079       0x7a c:/nxp/mcuxpressoide_11.2.0_4120/ide/plugins/com.nxp.mcuxpresso.tools.win32_11.2.0.202001021529/tools/bin/../lib/gcc/arm-none-eabi/9.2.1/thumb/v6-m/nofp\libcr_eabihelpers.a(double.o)
 .comment       0x00000079       0x7a c:/nxp/mcuxpressoide_11.2.0_4120/ide/plugins/com.nxp.mcuxpresso.tools.win32_11.2.0.202001021529/tools/bin/../lib/gcc/arm-none-eabi/9.2.1/thumb/v6-m/nofp\libcr_eabihelpers.a(float.o)

.ARM.attributes
                0x00000000       0x2a
 .ARM.attributes
                0x00000000       0x2c ./utilities/fsl_debug_console.o
 .ARM.attributes
                0x0000002c       0x2c ./startup/startup_mkl25z4.o
 .ARM.attributes
                0x00000058       0x2c ./source/TSI.o
 .ARM.attributes
                0x00000084       0x2c ./source/cbfifo.o
 .ARM.attributes
                0x000000b0       0x2c ./source/colors.o
 .ARM.attributes
                0x000000dc       0x2c ./source/commandline.o
 .ARM.attributes
                0x00000108       0x2c ./source/home_state.o
 .ARM.attributes
                0x00000134       0x2c ./source/i2c.o
 .ARM.attributes
                0x00000160       0x2c ./source/led.o
 .ARM.attributes
                0x0000018c       0x2c ./source/main.o
 .ARM.attributes
                0x000001b8       0x32 ./source/mtb.o
 .ARM.attributes
                0x000001ea       0x2c ./source/semihost_hardfault.o
 .ARM.attributes
                0x00000216       0x2c ./source/sht21.o
 .ARM.attributes
                0x00000242       0x2c ./source/sysclock.o
 .ARM.attributes
                0x0000026e       0x2c ./source/test_cbfifo.o
 .ARM.attributes
                0x0000029a       0x2c ./source/timer_systick.o
 .ARM.attributes
                0x000002c6       0x2c ./source/uart.o
 .ARM.attributes
                0x000002f2       0x2c ./drivers/fsl_clock.o
 .ARM.attributes
                0x0000031e       0x2c ./drivers/fsl_lpsci.o
 .ARM.attributes
                0x0000034a       0x2c ./drivers/fsl_uart.o
 .ARM.attributes
                0x00000376       0x2c ./board/board.o
 .ARM.attributes
                0x000003a2       0x2c ./board/clock_config.o
 .ARM.attributes
                0x000003ce       0x2c ./board/peripherals.o
 .ARM.attributes
                0x000003fa       0x2c ./board/pin_mux.o
 .ARM.attributes
                0x00000426       0x2c ./CMSIS/system_MKL25Z4.o
 .ARM.attributes
                0x00000452       0x31 c:/nxp/mcuxpressoide_11.2.0_4120/ide/plugins/com.nxp.mcuxpresso.tools.win32_11.2.0.202001021529/tools/bin/../lib/gcc/arm-none-eabi/9.2.1/../../../../arm-none-eabi/lib/thumb/v6-m/nofp\libcr_semihost_nf.a(__ciob.o)
 .ARM.attributes
                0x00000483       0x2c c:/nxp/mcuxpressoide_11.2.0_4120/ide/plugins/com.nxp.mcuxpresso.tools.win32_11.2.0.202001021529/tools/bin/../lib/gcc/arm-none-eabi/9.2.1/../../../../arm-none-eabi/lib/thumb/v6-m/nofp\libcr_semihost_nf.a(_cr__main.o)
 .ARM.attributes
                0x000004af       0x2c c:/nxp/mcuxpressoide_11.2.0_4120/ide/plugins/com.nxp.mcuxpresso.tools.win32_11.2.0.202001021529/tools/bin/../lib/gcc/arm-none-eabi/9.2.1/../../../../arm-none-eabi/lib/thumb/v6-m/nofp\libcr_semihost_nf.a(_cr_assert.o)
 .ARM.attributes
                0x000004db       0x1c c:/nxp/mcuxpressoide_11.2.0_4120/ide/plugins/com.nxp.mcuxpresso.tools.win32_11.2.0.202001021529/tools/bin/../lib/gcc/arm-none-eabi/9.2.1/../../../../arm-none-eabi/lib/thumb/v6-m/nofp\libcr_semihost_nf.a(__sys_appexit.o)
 .ARM.attributes
                0x000004f7       0x2c c:/nxp/mcuxpressoide_11.2.0_4120/ide/plugins/com.nxp.mcuxpresso.tools.win32_11.2.0.202001021529/tools/bin/../lib/gcc/arm-none-eabi/9.2.1/../../../../arm-none-eabi/lib/thumb/v6-m/nofp\libcr_c.a(memcpy.o)
 .ARM.attributes
                0x00000523       0x2c c:/nxp/mcuxpressoide_11.2.0_4120/ide/plugins/com.nxp.mcuxpresso.tools.win32_11.2.0.202001021529/tools/bin/../lib/gcc/arm-none-eabi/9.2.1/../../../../arm-none-eabi/lib/thumb/v6-m/nofp\libcr_c.a(memset.o)
 .ARM.attributes
                0x0000054f       0x2c c:/nxp/mcuxpressoide_11.2.0_4120/ide/plugins/com.nxp.mcuxpresso.tools.win32_11.2.0.202001021529/tools/bin/../lib/gcc/arm-none-eabi/9.2.1/../../../../arm-none-eabi/lib/thumb/v6-m/nofp\libcr_c.a(_deferredlazyseek.o)
 .ARM.attributes
                0x0000057b       0x2c c:/nxp/mcuxpressoide_11.2.0_4120/ide/plugins/com.nxp.mcuxpresso.tools.win32_11.2.0.202001021529/tools/bin/../lib/gcc/arm-none-eabi/9.2.1/../../../../arm-none-eabi/lib/thumb/v6-m/nofp\libcr_c.a(_fflush.o)
 .ARM.attributes
                0x000005a7       0x2c c:/nxp/mcuxpressoide_11.2.0_4120/ide/plugins/com.nxp.mcuxpresso.tools.win32_11.2.0.202001021529/tools/bin/../lib/gcc/arm-none-eabi/9.2.1/../../../../arm-none-eabi/lib/thumb/v6-m/nofp\libcr_c.a(_writebuf.o)
 .ARM.attributes
                0x000005d3       0x2c c:/nxp/mcuxpressoide_11.2.0_4120/ide/plugins/com.nxp.mcuxpresso.tools.win32_11.2.0.202001021529/tools/bin/../lib/gcc/arm-none-eabi/9.2.1/../../../../arm-none-eabi/lib/thumb/v6-m/nofp\libcr_c.a(alloc.o)
 .ARM.attributes
                0x000005ff       0x2c c:/nxp/mcuxpressoide_11.2.0_4120/ide/plugins/com.nxp.mcuxpresso.tools.win32_11.2.0.202001021529/tools/bin/../lib/gcc/arm-none-eabi/9.2.1/../../../../arm-none-eabi/lib/thumb/v6-m/nofp\libcr_c.a(ctype.o)
 .ARM.attributes
                0x0000062b       0x2c c:/nxp/mcuxpressoide_11.2.0_4120/ide/plugins/com.nxp.mcuxpresso.tools.win32_11.2.0.202001021529/tools/bin/../lib/gcc/arm-none-eabi/9.2.1/../../../../arm-none-eabi/lib/thumb/v6-m/nofp\libcr_c.a(fpprintf.o)
 .ARM.attributes
                0x00000657       0x2c c:/nxp/mcuxpressoide_11.2.0_4120/ide/plugins/com.nxp.mcuxpresso.tools.win32_11.2.0.202001021529/tools/bin/../lib/gcc/arm-none-eabi/9.2.1/../../../../arm-none-eabi/lib/thumb/v6-m/nofp\libcr_c.a(fputs.o)
 .ARM.attributes
                0x00000683       0x2c c:/nxp/mcuxpressoide_11.2.0_4120/ide/plugins/com.nxp.mcuxpresso.tools.win32_11.2.0.202001021529/tools/bin/../lib/gcc/arm-none-eabi/9.2.1/../../../../arm-none-eabi/lib/thumb/v6-m/nofp\libcr_c.a(fseek.o)
 .ARM.attributes
                0x000006af       0x2c c:/nxp/mcuxpressoide_11.2.0_4120/ide/plugins/com.nxp.mcuxpresso.tools.win32_11.2.0.202001021529/tools/bin/../lib/gcc/arm-none-eabi/9.2.1/../../../../arm-none-eabi/lib/thumb/v6-m/nofp\libcr_c.a(ftell.o)
 .ARM.attributes
                0x000006db       0x2c c:/nxp/mcuxpressoide_11.2.0_4120/ide/plugins/com.nxp.mcuxpresso.tools.win32_11.2.0.202001021529/tools/bin/../lib/gcc/arm-none-eabi/9.2.1/../../../../arm-none-eabi/lib/thumb/v6-m/nofp\libcr_c.a(initio.o)
 .ARM.attributes
                0x00000707       0x2c c:/nxp/mcuxpressoide_11.2.0_4120/ide/plugins/com.nxp.mcuxpresso.tools.win32_11.2.0.202001021529/tools/bin/../lib/gcc/arm-none-eabi/9.2.1/../../../../arm-none-eabi/lib/thumb/v6-m/nofp\libcr_c.a(printf.o)
 .ARM.attributes
                0x00000733       0x2c c:/nxp/mcuxpressoide_11.2.0_4120/ide/plugins/com.nxp.mcuxpresso.tools.win32_11.2.0.202001021529/tools/bin/../lib/gcc/arm-none-eabi/9.2.1/../../../../arm-none-eabi/lib/thumb/v6-m/nofp\libcr_c.a(scanf.o)
 .ARM.attributes
                0x0000075f       0x2c c:/nxp/mcuxpressoide_11.2.0_4120/ide/plugins/com.nxp.mcuxpresso.tools.win32_11.2.0.202001021529/tools/bin/../lib/gcc/arm-none-eabi/9.2.1/../../../../arm-none-eabi/lib/thumb/v6-m/nofp\libcr_c.a(setvbuf.o)
 .ARM.attributes
                0x0000078b       0x2c c:/nxp/mcuxpressoide_11.2.0_4120/ide/plugins/com.nxp.mcuxpresso.tools.win32_11.2.0.202001021529/tools/bin/../lib/gcc/arm-none-eabi/9.2.1/../../../../arm-none-eabi/lib/thumb/v6-m/nofp\libcr_c.a(strcmp.o)
 .ARM.attributes
                0x000007b7       0x2c c:/nxp/mcuxpressoide_11.2.0_4120/ide/plugins/com.nxp.mcuxpresso.tools.win32_11.2.0.202001021529/tools/bin/../lib/gcc/arm-none-eabi/9.2.1/../../../../arm-none-eabi/lib/thumb/v6-m/nofp\libcr_c.a(strlen.o)
 .ARM.attributes
                0x000007e3       0x2c c:/nxp/mcuxpressoide_11.2.0_4120/ide/plugins/com.nxp.mcuxpresso.tools.win32_11.2.0.202001021529/tools/bin/../lib/gcc/arm-none-eabi/9.2.1/../../../../arm-none-eabi/lib/thumb/v6-m/nofp\libcr_c.a(__init_alloc.o)
 .ARM.attributes
                0x0000080f       0x2c c:/nxp/mcuxpressoide_11.2.0_4120/ide/plugins/com.nxp.mcuxpresso.tools.win32_11.2.0.202001021529/tools/bin/../lib/gcc/arm-none-eabi/9.2.1/../../../../arm-none-eabi/lib/thumb/v6-m/nofp\libcr_c.a(_cr_sbrk.o)
 .ARM.attributes
                0x0000083b       0x2c c:/nxp/mcuxpressoide_11.2.0_4120/ide/plugins/com.nxp.mcuxpresso.tools.win32_11.2.0.202001021529/tools/bin/../lib/gcc/arm-none-eabi/9.2.1/../../../../arm-none-eabi/lib/thumb/v6-m/nofp\libcr_c.a(_fdopen.o)
 .ARM.attributes
                0x00000867       0x2c c:/nxp/mcuxpressoide_11.2.0_4120/ide/plugins/com.nxp.mcuxpresso.tools.win32_11.2.0.202001021529/tools/bin/../lib/gcc/arm-none-eabi/9.2.1/../../../../arm-none-eabi/lib/thumb/v6-m/nofp\libcr_c.a(_frexpl.o)
 .ARM.attributes
                0x00000893       0x2c c:/nxp/mcuxpressoide_11.2.0_4120/ide/plugins/com.nxp.mcuxpresso.tools.win32_11.2.0.202001021529/tools/bin/../lib/gcc/arm-none-eabi/9.2.1/../../../../arm-none-eabi/lib/thumb/v6-m/nofp\libcr_c.a(_ldexpl.o)
 .ARM.attributes
                0x000008bf       0x31 c:/nxp/mcuxpressoide_11.2.0_4120/ide/plugins/com.nxp.mcuxpresso.tools.win32_11.2.0.202001021529/tools/bin/../lib/gcc/arm-none-eabi/9.2.1/../../../../arm-none-eabi/lib/thumb/v6-m/nofp\libcr_c.a(errno.o)
 .ARM.attributes
                0x000008f0       0x2c c:/nxp/mcuxpressoide_11.2.0_4120/ide/plugins/com.nxp.mcuxpresso.tools.win32_11.2.0.202001021529/tools/bin/../lib/gcc/arm-none-eabi/9.2.1/../../../../arm-none-eabi/lib/thumb/v6-m/nofp\libcr_c.a(fclose.o)
 .ARM.attributes
                0x0000091c       0x2c c:/nxp/mcuxpressoide_11.2.0_4120/ide/plugins/com.nxp.mcuxpresso.tools.win32_11.2.0.202001021529/tools/bin/../lib/gcc/arm-none-eabi/9.2.1/../../../../arm-none-eabi/lib/thumb/v6-m/nofp\libcr_c.a(fflush.o)
 .ARM.attributes
                0x00000948       0x2c c:/nxp/mcuxpressoide_11.2.0_4120/ide/plugins/com.nxp.mcuxpresso.tools.win32_11.2.0.202001021529/tools/bin/../lib/gcc/arm-none-eabi/9.2.1/../../../../arm-none-eabi/lib/thumb/v6-m/nofp\libcr_c.a(remove.o)
 .ARM.attributes
                0x00000974       0x2c c:/nxp/mcuxpressoide_11.2.0_4120/ide/plugins/com.nxp.mcuxpresso.tools.win32_11.2.0.202001021529/tools/bin/../lib/gcc/arm-none-eabi/9.2.1/../../../../arm-none-eabi/lib/thumb/v6-m/nofp\libcr_c.a(_cr_check_heap.o)
 .ARM.attributes
                0x000009a0       0x2c c:/nxp/mcuxpressoide_11.2.0_4120/ide/plugins/com.nxp.mcuxpresso.tools.win32_11.2.0.202001021529/tools/bin/../lib/gcc/arm-none-eabi/9.2.1/../../../../arm-none-eabi/lib/thumb/v6-m/nofp\libcr_c.a(_do_fflush.o)
 .ARM.attributes
                0x000009cc       0x1c c:/nxp/mcuxpressoide_11.2.0_4120/ide/plugins/com.nxp.mcuxpresso.tools.win32_11.2.0.202001021529/tools/bin/../lib/gcc/arm-none-eabi/9.2.1/thumb/v6-m/nofp\libcr_eabihelpers.a(division_32.o)
 .ARM.attributes
                0x000009e8       0x1c c:/nxp/mcuxpressoide_11.2.0_4120/ide/plugins/com.nxp.mcuxpresso.tools.win32_11.2.0.202001021529/tools/bin/../lib/gcc/arm-none-eabi/9.2.1/thumb/v6-m/nofp\libcr_eabihelpers.a(division_idiv0.o)
 .ARM.attributes
                0x00000a04       0x2c c:/nxp/mcuxpressoide_11.2.0_4120/ide/plugins/com.nxp.mcuxpresso.tools.win32_11.2.0.202001021529/tools/bin/../lib/gcc/arm-none-eabi/9.2.1/thumb/v6-m/nofp\libcr_eabihelpers.a(double.o)
 .ARM.attributes
                0x00000a30       0x2c c:/nxp/mcuxpressoide_11.2.0_4120/ide/plugins/com.nxp.mcuxpresso.tools.win32_11.2.0.202001021529/tools/bin/../lib/gcc/arm-none-eabi/9.2.1/thumb/v6-m/nofp\libcr_eabihelpers.a(float.o)
 .ARM.attributes
                0x00000a5c       0x1c c:/nxp/mcuxpressoide_11.2.0_4120/ide/plugins/com.nxp.mcuxpresso.tools.win32_11.2.0.202001021529/tools/bin/../lib/gcc/arm-none-eabi/9.2.1/thumb/v6-m/nofp\libcr_eabihelpers.a(llong.o)
 .ARM.attributes
                0x00000a78       0x1c c:/nxp/mcuxpressoide_11.2.0_4120/ide/plugins/com.nxp.mcuxpresso.tools.win32_11.2.0.202001021529/tools/bin/../lib/gcc/arm-none-eabi/9.2.1/thumb/v6-m/nofp\libcr_eabihelpers.a(memcpy.o)
 .ARM.attributes